Component: ARM Compiler 5.06 update 6 (build 750) Tool: armlink [4d35ed]

==============================================================================

Section Cross References

    main.o(i.CanUpdateClickState) refers to main.o(.data) for is_long_click
    main.o(i.DisableTimer4Interrupt) refers to misc.o(i.NVIC_Init) for NVIC_Init
    main.o(i.DisplayLED) refers to main.o(.data) for coffee_size
    main.o(i.EXTI0_IRQHandler) refers to stm32f4xx_exti.o(i.EXTI_GetITStatus) for EXTI_GetITStatus
    main.o(i.EXTI0_IRQHandler) refers to stm32f4xx_gpio.o(i.GPIO_ReadInputDataBit) for GPIO_ReadInputDataBit
    main.o(i.EXTI0_IRQHandler) refers to main.o(i.CanUpdateClickState) for CanUpdateClickState
    main.o(i.EXTI0_IRQHandler) refers to stm32f4xx_exti.o(i.EXTI_ClearITPendingBit) for EXTI_ClearITPendingBit
    main.o(i.EXTI0_IRQHandler) refers to main.o(.data) for is_button_up
    main.o(i.EnableEXTIInterrupt) refers to misc.o(i.NVIC_Init) for NVIC_Init
    main.o(i.EnableEXTIInterrupt) refers to main.o(.data) for NVIC_InitStructure
    main.o(i.EnableTimer2Interrupt) refers to misc.o(i.NVIC_Init) for NVIC_Init
    main.o(i.EnableTimer3Interrupt) refers to misc.o(i.NVIC_Init) for NVIC_Init
    main.o(i.EnableTimer4Interrupt) refers to misc.o(i.NVIC_Init) for NVIC_Init
    main.o(i.GetMaxTime) refers to main.o(.data) for time_small
    main.o(i.InitButton) refers to stm32f4xx_rcc.o(i.RCC_AHB1PeriphClockCmd) for RCC_AHB1PeriphClockCmd
    main.o(i.InitButton) refers to stm32f4xx_gpio.o(i.GPIO_Init) for GPIO_Init
    main.o(i.InitButton) refers to main.o(.data) for GPIO_Initstructure
    main.o(i.InitEXTI) refers to stm32f4xx_rcc.o(i.RCC_APB2PeriphClockCmd) for RCC_APB2PeriphClockCmd
    main.o(i.InitEXTI) refers to stm32f4xx_syscfg.o(i.SYSCFG_EXTILineConfig) for SYSCFG_EXTILineConfig
    main.o(i.InitEXTI) refers to stm32f4xx_exti.o(i.EXTI_Init) for EXTI_Init
    main.o(i.InitEXTI) refers to main.o(.data) for EXTI_InitStructure
    main.o(i.InitLEDs) refers to stm32f4xx_rcc.o(i.RCC_AHB1PeriphClockCmd) for RCC_AHB1PeriphClockCmd
    main.o(i.InitLEDs) refers to stm32f4xx_gpio.o(i.GPIO_Init) for GPIO_Init
    main.o(i.InitLEDs) refers to main.o(.data) for GPIO_Initstructure
    main.o(i.InitTimer_2) refers to stm32f4xx_rcc.o(i.RCC_APB1PeriphClockCmd) for RCC_APB1PeriphClockCmd
    main.o(i.InitTimer_2) refers to stm32f4xx_tim.o(i.TIM_TimeBaseInit) for TIM_TimeBaseInit
    main.o(i.InitTimer_2) refers to stm32f4xx_tim.o(i.TIM_Cmd) for TIM_Cmd
    main.o(i.InitTimer_2) refers to stm32f4xx_tim.o(i.TIM_ITConfig) for TIM_ITConfig
    main.o(i.InitTimer_2) refers to main.o(.bss) for timer_InitStructure
    main.o(i.InitTimer_3) refers to stm32f4xx_rcc.o(i.RCC_APB1PeriphClockCmd) for RCC_APB1PeriphClockCmd
    main.o(i.InitTimer_3) refers to stm32f4xx_tim.o(i.TIM_TimeBaseInit) for TIM_TimeBaseInit
    main.o(i.InitTimer_3) refers to stm32f4xx_tim.o(i.TIM_Cmd) for TIM_Cmd
    main.o(i.InitTimer_3) refers to stm32f4xx_tim.o(i.TIM_ITConfig) for TIM_ITConfig
    main.o(i.InitTimer_3) refers to main.o(.bss) for timer_InitStructure
    main.o(i.InitTimer_4) refers to stm32f4xx_rcc.o(i.RCC_APB1PeriphClockCmd) for RCC_APB1PeriphClockCmd
    main.o(i.InitTimer_4) refers to stm32f4xx_tim.o(i.TIM_TimeBaseInit) for TIM_TimeBaseInit
    main.o(i.InitTimer_4) refers to stm32f4xx_tim.o(i.TIM_Cmd) for TIM_Cmd
    main.o(i.InitTimer_4) refers to stm32f4xx_tim.o(i.TIM_ITConfig) for TIM_ITConfig
    main.o(i.InitTimer_4) refers to main.o(.bss) for timer_InitStructure
    main.o(i.LEDOff) refers to stm32f4xx_gpio.o(i.GPIO_ResetBits) for GPIO_ResetBits
    main.o(i.LEDOn) refers to stm32f4xx_gpio.o(i.GPIO_SetBits) for GPIO_SetBits
    main.o(i.ShowLED) refers to main.o(i.ShowProgrammingLED) for ShowProgrammingLED
    main.o(i.ShowLED) refers to main.o(i.ShowSizeLED) for ShowSizeLED
    main.o(i.ShowLED) refers to main.o(.data) for is_programming_state
    main.o(i.ShowProgrammingLED) refers to main.o(i.DisplayLED) for DisplayLED
    main.o(i.ShowProgrammingLED) refers to main.o(i.LEDOn) for LEDOn
    main.o(i.ShowProgrammingLED) refers to main.o(i.LEDOff) for LEDOff
    main.o(i.ShowProgrammingLED) refers to main.o(.data) for display_default_timer
    main.o(i.ShowSizeLED) refers to main.o(i.LEDOff) for LEDOff
    main.o(i.ShowSizeLED) refers to main.o(i.LEDOn) for LEDOn
    main.o(i.ShowSizeLED) refers to main.o(.data) for coffee_size
    main.o(i.TIM2_IRQHandler) refers to stm32f4xx_tim.o(i.TIM_GetITStatus) for TIM_GetITStatus
    main.o(i.TIM2_IRQHandler) refers to stm32f4xx_tim.o(i.TIM_ClearITPendingBit) for TIM_ClearITPendingBit
    main.o(i.TIM2_IRQHandler) refers to main.o(.data) for timer_for_button_hold
    main.o(i.TIM3_IRQHandler) refers to stm32f4xx_tim.o(i.TIM_GetITStatus) for TIM_GetITStatus
    main.o(i.TIM3_IRQHandler) refers to stm32f4xx_tim.o(i.TIM_ClearITPendingBit) for TIM_ClearITPendingBit
    main.o(i.TIM3_IRQHandler) refers to stm32f4xx_gpio.o(i.GPIO_ToggleBits) for GPIO_ToggleBits
[...]
    i.osThreadCreate                         0x08001f20   Section        0  rt_cmsis.o(i.osThreadCreate)
    i.osThreadExit                           0x08001f4c   Section        0  rt_cmsis.o(i.osThreadExit)
    i.osTimerCall                            0x08001f64   Section        0  rt_cmsis.o(i.osTimerCall)
    i.osTimerThread                          0x08001f70   Section        0  rt_cmsis.o(i.osTimerThread)
    i.os_error                               0x08001f9c   Section        0  rtx_conf_cm.o(i.os_error)
    i.os_idle_demon                          0x08001fbe   Section        0  rtx_conf_cm.o(i.os_idle_demon)
    i.os_tick_init                           0x08001fc4   Section        0  rt_system.o(i.os_tick_init)
    i.os_tick_irqack                         0x08001fec   Section        0  rt_system.o(i.os_tick_irqack)
    i.read_codec_register                    0x08001ff0   Section        0  codec.o(i.read_codec_register)
    i.rt_alloc_box                           0x080020d0   Section        0  rt_membox.o(i.rt_alloc_box)
    i.rt_alloc_mem                           0x080020ea   Section        0  rt_memory.o(i.rt_alloc_mem)
    i.rt_block                               0x08002128   Section        0  rt_task.o(i.rt_block)
    i.rt_chk_robin                           0x08002160   Section        0  rt_robin.o(i.rt_chk_robin)
    i.rt_dec_dly                             0x080021a8   Section        0  rt_list.o(i.rt_dec_dly)
    i.rt_dispatch                            0x08002218   Section        0  rt_task.o(i.rt_dispatch)
    i.rt_evt_psh                             0x0800225c   Section        0  rt_event.o(i.rt_evt_psh)
    i.rt_free_box                            0x080022ac   Section        0  rt_membox.o(i.rt_free_box)
    i.rt_free_mem                            0x080022d8   Section        0  rt_memory.o(i.rt_free_mem)
    i.rt_get_first                           0x08002300   Section        0  rt_list.o(i.rt_get_first)
    i.rt_id2obj                              0x08002328   Section        0  rt_cmsis.o(i.rt_id2obj)
    rt_id2obj                                0x08002329   Thumb Code     8  rt_cmsis.o(i.rt_id2obj)
    i.rt_init_context                        0x08002330   Section        0  rt_task.o(i.rt_init_context)
    rt_init_context                          0x08002331   Thumb Code    66  rt_task.o(i.rt_init_context)
    i.rt_init_mem                            0x08002378   Section        0  rt_memory.o(i.rt_init_mem)
    i.rt_init_robin                          0x08002394   Section        0  rt_robin.o(i.rt_init_robin)
    i.rt_init_stack                          0x080023ac   Section        0  hal_cm.o(i.rt_init_stack)
    i.rt_mbx_check                           0x0800242c   Section        0  rt_mailbox.o(i.rt_mbx_check)
    i.rt_mbx_init                            0x08002434   Section        0  rt_mailbox.o(i.rt_mbx_init)
    i.rt_mbx_psh                             0x08002450   Section        0  rt_mailbox.o(i.rt_mbx_psh)
    i.rt_mbx_wait                            0x08002540   Section        0  rt_mailbox.o(i.rt_mbx_wait)
    i.rt_ms2tick                             0x080025f4   Section        0  rt_cmsis.o(i.rt_ms2tick)
    rt_ms2tick                               0x080025f5   Thumb Code    58  rt_cmsis.o(i.rt_ms2tick)
    i.rt_mut_release                         0x08002638   Section        0  rt_mutex.o(i.rt_mut_release)
    i.rt_mut_wait                            0x08002710   Section        0  rt_mutex.o(i.rt_mut_wait)
    i.rt_pop_req                             0x08002788   Section        0  rt_system.o(i.rt_pop_req)
    i.rt_psh_req                             0x08002804   Section        0  rt_system.o(i.rt_psh_req)
    i.rt_psq_enq                             0x08002824   Section        0  rt_list.o(i.rt_psq_enq)
    i.rt_put_dly                             0x08002880   Section        0  rt_list.o(i.rt_put_dly)
    i.rt_put_prio                            0x080028c8   Section        0  rt_list.o(i.rt_put_prio)
    i.rt_put_rdy_first                       0x08002900   Section        0  rt_list.o(i.rt_put_rdy_first)
    i.rt_resort_prio                         0x08002914   Section        0  rt_list.o(i.rt_resort_prio)
    i.rt_ret_regs                            0x08002948   Section        0  hal_cm.o(i.rt_ret_regs)
    rt_ret_regs                              0x08002949   Thumb Code    16  hal_cm.o(i.rt_ret_regs)
    i.rt_ret_val                             0x08002958   Section        0  hal_cm.o(i.rt_ret_val)
    i.rt_ret_val2                            0x08002964   Section        0  hal_cm.o(i.rt_ret_val2)
    i.rt_rmv_dly                             0x08002974   Section        0  rt_list.o(i.rt_rmv_dly)
    i.rt_rmv_list                            0x0800299c   Section        0  rt_list.o(i.rt_rmv_list)
    i.rt_sem_psh                             0x080029cc   Section        0  rt_semaphore.o(i.rt_sem_psh)
    i.rt_stk_check                           0x08002a00   Section        0  rt_system.o(i.rt_stk_check)
    i.rt_switch_req                          0x08002a24   Section        0  rt_task.o(i.rt_switch_req)
    i.rt_sys_init                            0x08002a4c   Section        0  rt_task.o(i.rt_sys_init)
    i.rt_sys_start                           0x08002b18   Section        0  rt_task.o(i.rt_sys_start)
    i.rt_systick                             0x08002b90   Section        0  rt_system.o(i.rt_systick)
    i.rt_tid2ptcb                            0x08002bd0   Section        0  rt_cmsis.o(i.rt_tid2ptcb)
    rt_tid2ptcb                              0x08002bd1   Thumb Code    18  rt_cmsis.o(i.rt_tid2ptcb)
    i.rt_timer_insert                        0x08002be4   Section        0  rt_cmsis.o(i.rt_timer_insert)
    rt_timer_insert                          0x08002be5   Thumb Code    48  rt_cmsis.o(i.rt_timer_insert)
    i.rt_tsk_create                          0x08002c18   Section        0  rt_task.o(i.rt_tsk_create)
    i.rt_tsk_delete                          0x08002ca0   Section        0  rt_task.o(i.rt_tsk_delete)
    i.rt_tsk_prio                            0x08002e1c   Section        0  rt_task.o(i.rt_tsk_prio)
    i.rt_tsk_self                            0x08002e98   Section        0  rt_task.o(i.rt_tsk_self)
    i.send_codec_ctrl                        0x08002ea8   Section        0  codec.o(i.send_codec_ctrl)
    i.svcKernelInitialize                    0x08002f38   Section        0  rt_cmsis.o(i.svcKernelInitialize)
    i.svcKernelStart                         0x08002fa8   Section        0  rt_cmsis.o(i.svcKernelStart)
    i.svcMessageCreate                       0x08002ff0   Section        0  rt_cmsis.o(i.svcMessageCreate)
    i.svcMessageGet                          0x08003014   Section        0  rt_cmsis.o(i.svcMessageGet)
    i.svcThreadCreate                        0x08003050   Section        0  rt_cmsis.o(i.svcThreadCreate)
    i.svcThreadGetId                         0x080030bc   Section        0  rt_cmsis.o(i.svcThreadGetId)
    i.svcThreadTerminate                     0x080030d8   Section        0  rt_cmsis.o(i.svcThreadTerminate)
    i.svcTimerCall                           0x08003110   Section        0  rt_cmsis.o(i.svcTimerCall)
    i.sysTimerTick                           0x08003128   Section        0  rt_cmsis.o(i.sysTimerTick)
    i.updateFilter                           0x08003184   Section        0  main.o(i.updateFilter)
    x$fpl$d2f                                0x080031e0   Section       98  d2f.o(x$fpl$d2f)
    $v0                                      0x080031e0   Number         0  d2f.o(x$fpl$d2f)
    x$fpl$dadd                               0x08003244   Section      336  daddsub_clz.o(x$fpl$dadd)
    $v0                                      0x08003244   Number         0  daddsub_clz.o(x$fpl$dadd)
    _dadd1                                   0x08003255   Thumb Code     0  daddsub_clz.o(x$fpl$dadd)
    x$fpl$dcmpinf                            0x08003394   Section       24  dcmpi.o(x$fpl$dcmpinf)
    $v0                                      0x08003394   Number         0  dcmpi.o(x$fpl$dcmpinf)
    x$fpl$dfix                               0x080033ac   Section       94  dfix.o(x$fpl$dfix)
    $v0                                      0x080033ac   Number         0  dfix.o(x$fpl$dfix)
    x$fpl$dleqf                              0x0800340c   Section      120  dleqf.o(x$fpl$dleqf)
    $v0                                      0x0800340c   Number         0  dleqf.o(x$fpl$dleqf)
    x$fpl$dmul                               0x08003484   Section      340  dmul.o(x$fpl$dmul)
    $v0                                      0x08003484   Number         0  dmul.o(x$fpl$dmul)
    x$fpl$dnaninf                            0x080035d8   Section      156  dnaninf.o(x$fpl$dnaninf)
    $v0                                      0x080035d8   Number         0  dnaninf.o(x$fpl$dnaninf)
    x$fpl$dretinf                            0x08003674   Section       12  dretinf.o(x$fpl$dretinf)
    $v0                                      0x08003674   Number         0  dretinf.o(x$fpl$dretinf)
    x$fpl$drleqf                             0x08003680   Section      108  drleqf.o(x$fpl$drleqf)
    $v0                                      0x08003680   Number         0  drleqf.o(x$fpl$drleqf)
    x$fpl$dsub                               0x080036ec   Section      468  daddsub_clz.o(x$fpl$dsub)
    $v0                                      0x080036ec   Number         0  daddsub_clz.o(x$fpl$dsub)
    _dsub1                                   0x080036fd   Thumb Code     0  daddsub_clz.o(x$fpl$dsub)
    x$fpl$f2d                                0x080038c0   Section       86  f2d.o(x$fpl$f2d)
    $v0                                      0x080038c0   Number         0  f2d.o(x$fpl$f2d)
    x$fpl$fnaninf                            0x08003916   Section      140  fnaninf.o(x$fpl$fnaninf)
    $v0                                      0x08003916   Number         0  fnaninf.o(x$fpl$fnaninf)
    x$fpl$fpinit                             0x080039a2   Section       10  fpinit.o(x$fpl$fpinit)
    $v0                                      0x080039a2   Number         0  fpinit.o(x$fpl$fpinit)
    x$fpl$fretinf                            0x080039ac   Section       10  fretinf.o(x$fpl$fretinf)
    $v0                                      0x080039ac   Number         0  fretinf.o(x$fpl$fretinf)
    x$fpl$usenofp                            0x080039b6   Section        0  usenofp.o(x$fpl$usenofp)
    .constdata                               0x080039b8   Section      104  rtx_conf_cm.o(.constdata)
    __tagsym$$used                           0x080039d4   Number         0  rtx_conf_cm.o(.constdata)
    __tagsym$$used                           0x080039d8   Number         0  rtx_conf_cm.o(.constdata)
    __tagsym$$used                           0x080039dc   Number         0  rtx_conf_cm.o(.constdata)
    __tagsym$$used                           0x080039e0   Number         0  rtx_conf_cm.o(.constdata)
    .data                                    0x20000000   Section      105  main.o(.data)
    .data                                    0x2000006c   Section       20  rtx_conf_cm.o(.data)
    nr_mutex                                 0x2000007c   Data           4  rtx_conf_cm.o(.data)
    .data                                    0x20000080   Section       16  stm32f4xx_rcc.o(.data)
    APBAHBPrescTable                         0x20000080   Data          16  stm32f4xx_rcc.o(.data)
    .data                                    0x20000090   Section        8  rt_cmsis.o(.data)
    .data                                    0x20000098   Section        8  rt_task.o(.data)
    .data                                    0x200000a0   Section        8  rt_system.o(.data)
    os_lock                                  0x200000a0   Data           1  rt_system.o(.data)
    os_psh_flag                              0x200000a1   Data           1  rt_system.o(.data)
    pend_flags                               0x200000a2   Data           1  rt_system.o(.data)
    .data                                    0x200000a8   Section        4  rt_time.o(.data)
    .data                                    0x200000ac   Section        8  rt_robin.o(.data)
    .data                                    0x200000b4   Section        1  hal_cm.o(.data)
    .bss                                     0x200000b8   Section       80  main.o(.bss)
    .bss                                     0x20000108   Section       32  codec.o(.bss)
    .bss                                     0x20000128   Section     3016  rtx_conf_cm.o(.bss)
    std_libspace                             0x200009d0   Data         672  rtx_conf_cm.o(.bss)
    std_libmutex                             0x20000c70   Data         128  rtx_conf_cm.o(.bss)
    .bss                                     0x20000cf0   Section       52  rt_task.o(.bss)
    .bss                                     0x20000d24   Section       48  rt_list.o(.bss)
    .bss                                     0x20000d54   Section       96  libspace.o(.bss)
    HEAP                                     0x20000db8   Section      512  startup_stm32f40_41xxx.o(HEAP)
    Heap_Mem                                 0x20000db8   Data         512  startup_stm32f40_41xxx.o(HEAP)
    STACK                                    0x20000fb8   Section     1024  startup_stm32f40_41xxx.o(STACK)
    Stack_Mem                                0x20000fb8   Data        1024  startup_stm32f40_41xxx.o(STACK)
    __initial_sp                             0x200013b8   Data           0  startup_stm32f40_41xxx.o(STACK)

    Global Symbols

    Symbol Name                              Value     Ov Type        Size  Object(Section)

    BuildAttributes$$THM_ISAv4$E$P$D$K$B$S$7EM$VFPi3$EXTD16$VFPS$VFMA$PE$A:L22UL41UL21$X:L11$S22US41US21$IEEE1$IW$USESV6$~STKCKD$USESV7$~SHL$OSPACE$ROPI$EBA8$UX$STANDARDLIB$REQ8$PRES8$EABIv2 0x00000000   Number         0  anon$$obj.o ABSOLUTE
    __ARM_use_no_argv                        0x00000000   Number         0  main.o ABSOLUTE
    __ARM_exceptions_init                     - Undefined Weak Reference
    __alloca_initialize                       - Undefined Weak Reference
    __arm_preinit_                            - Undefined Weak Reference
    __cpp_initialize__aeabi_                  - Undefined Weak Reference
    __cxa_finalize                            - Undefined Weak Reference
    __rt_locale                               - Undefined Weak Reference
    __sigvec_lookup                           - Undefined Weak Reference
    _atexit_init                              - Undefined Weak Reference
    _call_atexit_fns                          - Undefined Weak Reference
    _clock_init                               - Undefined Weak Reference
    _fp_trap_init                             - Undefined Weak Reference
    _fp_trap_shutdown                         - Undefined Weak Reference
    _get_lc_collate                           - Undefined Weak Reference
    _get_lc_ctype                             - Undefined Weak Reference
    _get_lc_monetary                          - Undefined Weak Reference
    _get_lc_numeric                           - Undefined Weak Reference
    _get_lc_time                              - Undefined Weak Reference
    _getenv_init                              - Undefined Weak Reference
    _handle_redirection                       - Undefined Weak Reference
    _init_alloc                               - Undefined Weak Reference
    _init_user_alloc                          - Undefined Weak Reference
    _initio                                   - Undefined Weak Reference
    _rand_init                                - Undefined Weak Reference
    _signal_finish                            - Undefined Weak Reference
    _signal_init                              - Undefined Weak Reference
    _terminate_alloc                          - Undefined Weak Reference
    _terminate_user_alloc                     - Undefined Weak Reference
    _terminateio                              - Undefined Weak Reference
    __Vectors_Size                           0x00000188   Number         0  startup_stm32f40_41xxx.o ABSOLUTE
    __RL_RTX_VER                             0x00000482   Number         0  rt_system.o ABSOLUTE
    __Vectors                                0x08000000   Data           4  startup_stm32f40_41xxx.o(RESET)
    __Vectors_End                            0x08000188   Data           0  startup_stm32f40_41xxx.o(RESET)
    __main                                   0x08000189   Thumb Code     8  __main.o(!!!main)
    __scatterload                            0x08000191   Thumb Code     0  __scatter.o(!!!scatter)
    __scatterload_rt2                        0x08000191   Thumb Code    44  __scatter.o(!!!scatter)
    __scatterload_rt2_thumb_only             0x08000191   Thumb Code     0  __scatter.o(!!!scatter)
    __scatterload_null                       0x0800019f   Thumb Code     0  __scatter.o(!!!scatter)
    __scatterload_copy                       0x080001c5   Thumb Code    26  __scatter_copy.o(!!handler_copy)
    __scatterload_zeroinit                   0x080001e1   Thumb Code    28  __scatter_zi.o(!!handler_zi)
    __rt_lib_init                            0x080001fd   Thumb Code     0  libinit.o(.ARM.Collect$$libinit$$00000000)
    __rt_lib_init_fp_1                       0x080001ff   Thumb Code     0  libinit2.o(.ARM.Collect$$libinit$$00000001)
    __rt_lib_init_alloca_1                   0x08000203   Thumb Code     0  libinit2.o(.ARM.Collect$$libinit$$0000002E)
    __rt_lib_init_argv_1                     0x08000203   Thumb Code     0  libinit2.o(.ARM.Collect$$libinit$$0000002C)
    __rt_lib_init_atexit_1                   0x08000203   Thumb Code     0  libinit2.o(.ARM.Collect$$libinit$$0000001B)
    __rt_lib_init_clock_1                    0x08000203   Thumb Code     0  libinit2.o(.ARM.Collect$$libinit$$00000021)
    __rt_lib_init_cpp_1                      0x08000203   Thumb Code     0  libinit2.o(.ARM.Collect$$libinit$$00000032)
    __rt_lib_init_exceptions_1               0x08000203   Thumb Code     0  libinit2.o(.ARM.Collect$$libinit$$00000030)
    __rt_lib_init_fp_trap_1                  0x08000203   Thumb Code     0  libinit2.o(.ARM.Collect$$libinit$$0000001F)
    __rt_lib_init_getenv_1                   0x08000203   Thumb Code     0  libinit2.o(.ARM.Collect$$libinit$$00000023)
    __rt_lib_init_heap_1                     0x08000203   Thumb Code     0  libinit2.o(.ARM.Collect$$libinit$$0000000A)
    __rt_lib_init_lc_collate_1               0x08000203   Thumb Code     0  libinit2.o(.ARM.Collect$$libinit$$00000011)
    __rt_lib_init_lc_ctype_1                 0x08000203   Thumb Code     0  libinit2.o(.ARM.Collect$$libinit$$00000013)
    __rt_lib_init_lc_monetary_1              0x08000203   Thumb Code     0  libinit2.o(.ARM.Collect$$libinit$$00000015)
    __rt_lib_init_lc_numeric_1               0x08000203   Thumb Code     0  libinit2.o(.ARM.Collect$$libinit$$00000017)
    __rt_lib_init_lc_time_1                  0x08000203   Thumb Code     0  libinit2.o(.ARM.Collect$$libinit$$00000019)
    __rt_lib_init_preinit_1                  0x08000203   Thumb Code     0  libinit2.o(.ARM.Collect$$libinit$$00000004)
    __rt_lib_init_rand_1                     0x08000203   Thumb Code     0  libinit2.o(.ARM.Collect$$libinit$$0000000E)
    __rt_lib_init_return                     0x08000203   Thumb Code     0  libinit2.o(.ARM.Collect$$libinit$$00000033)
    __rt_lib_init_signal_1                   0x08000203   Thumb Code     0  libinit2.o(.ARM.Collect$$libinit$$0000001D)
    __rt_lib_init_stdio_1                    0x08000203   Thumb Code     0  libinit2.o(.ARM.Collect$$libinit$$00000025)
    __rt_lib_init_user_alloc_1               0x08000203   Thumb Code     0  libinit2.o(.ARM.Collect$$libinit$$0000000C)
    __rt_lib_shutdown                        0x08000205   Thumb Code     0  libshutdown.o(.ARM.Collect$$libshutdown$$00000000)
    __rt_lib_shutdown_cpp_1                  0x08000207   Thumb Code     0  libshutdown2.o(.ARM.Collect$$libshutdown$$00000002)
    __rt_lib_shutdown_fp_trap_1              0x08000207   Thumb Code     0  libshutdown2.o(.ARM.Collect$$libshutdown$$00000007)
    __rt_lib_shutdown_heap_1                 0x08000207   Thumb Code     0  libshutdown2.o(.ARM.Collect$$libshutdown$$0000000F)
    __rt_lib_shutdown_return                 0x08000207   Thumb Code     0  libshutdown2.o(.ARM.Collect$$libshutdown$$00000010)
    __rt_lib_shutdown_signal_1               0x08000207   Thumb Code     0  libshutdown2.o(.ARM.Collect$$libshutdown$$0000000A)
    __rt_lib_shutdown_stdio_1                0x08000207   Thumb Code     0  libshutdown2.o(.ARM.Collect$$libshutdown$$00000004)
    __rt_lib_shutdown_user_alloc_1           0x08000207   Thumb Code     0  libshutdown2.o(.ARM.Collect$$libshutdown$$0000000C)
    __rt_entry                               0x08000209   Thumb Code     0  __rtentry.o(.ARM.Collect$$rtentry$$00000000)
    __rt_entry_presh_1                       0x08000209   Thumb Code     0  __rtentry2.o(.ARM.Collect$$rtentry$$00000002)
    __rt_entry_sh                            0x08000209   Thumb Code     0  __rtentry4.o(.ARM.Collect$$rtentry$$00000004)
    __rt_entry_li                            0x0800020f   Thumb Code     0  __rtentry2.o(.ARM.Collect$$rtentry$$0000000A)
    __rt_entry_postsh_1                      0x0800020f   Thumb Code     0  __rtentry2.o(.ARM.Collect$$rtentry$$00000009)
    __rt_entry_postli_1                      0x08000213   Thumb Code     0  __rtentry2.o(.ARM.Collect$$rtentry$$0000000B)
    __rt_entry_main                          0x0800021b   Thumb Code     0  __rtentry2.o(.ARM.Collect$$rtentry$$0000000D)
    __rt_exit                                0x08000223   Thumb Code     0  rtexit.o(.ARM.Collect$$rtexit$$00000000)
    __rt_exit_ls                             0x08000225   Thumb Code     0  rtexit2.o(.ARM.Collect$$rtexit$$00000003)
    __rt_exit_prels_1                        0x08000225   Thumb Code     0  rtexit2.o(.ARM.Collect$$rtexit$$00000002)
    __rt_exit_exit                           0x08000229   Thumb Code     0  rtexit2.o(.ARM.Collect$$rtexit$$00000004)
    _platform_post_lib_init                  0x08000231   Thumb Code    24  rtx_conf_cm.o(.emb_text)
    rt_set_PSP                               0x0800024d   Thumb Code     6  hal_cm4.o(.emb_text)
    rt_get_PSP                               0x08000253   Thumb Code     6  hal_cm4.o(.emb_text)
    os_set_env                               0x08000259   Thumb Code    24  hal_cm4.o(.emb_text)
    _alloc_box                               0x08000275   Thumb Code    28  hal_cm4.o(.emb_text)
    _free_box                                0x08000295   Thumb Code    28  hal_cm4.o(.emb_text)
    SVC_Handler                              0x080002b5   Thumb Code   168  hal_cm4.o(.emb_text)
    PendSV_Handler                           0x0800036d   Thumb Code    96  hal_cm4.o(.emb_text)
    SysTick_Handler                          0x080003d1   Thumb Code     8  hal_cm4.o(.emb_text)
    OS_Tick_Handler                          0x080003d9   Thumb Code    12  hal_cm4.o(.emb_text)
    Reset_Handler                            0x080003e5   Thumb Code     8  startup_stm32f40_41xxx.o(.text)
    NMI_Handler                              0x080003ed   Thumb Code     2  startup_stm32f40_41xxx.o(.text)
    HardFault_Handler                        0x080003ef   Thumb Code     2  startup_stm32f40_41xxx.o(.text)
    MemManage_Handler                        0x080003f1   Thumb Code     2  startup_stm32f40_41xxx.o(.text)
    BusFault_Handler                         0x080003f3   Thumb Code     2  startup_stm32f40_41xxx.o(.text)
    UsageFault_Handler                       0x080003f5   Thumb Code     2  startup_stm32f40_41xxx.o(.text)
    DebugMon_Handler                         0x080003f9   Thumb Code     2  startup_stm32f40_41xxx.o(.text)
    ADC_IRQHandler                           0x080003ff   Thumb Code     0  startup_stm32f40_41xxx.o(.text)
    CAN1_RX0_IRQHandler                      0x080003ff   Thumb Code     0  startup_stm32f40_41xxx.o(.text)
    CAN1_RX1_IRQHandler                      0x080003ff   Thumb Code     0  startup_stm32f40_41xxx.o(.text)
    CAN1_SCE_IRQHandler                      0x080003ff   Thumb Code     0  startup_stm32f40_41xxx.o(.text)
    CAN1_TX_IRQHandler                       0x080003ff   Thumb Code     0  startup_stm32f40_41xxx.o(.text)
    CAN2_RX0_IRQHandler                      0x080003ff   Thumb Code     0  startup_stm32f40_41xxx.o(.text)
    CAN2_RX1_IRQHandler                      0x080003ff   Thumb Code     0  startup_stm32f40_41xxx.o(.text)
    CAN2_SCE_IRQHandler                      0x080003ff   Thumb Code     0  startup_stm32f40_41xxx.o(.text)
    CAN2_TX_IRQHandler                       0x080003ff   Thumb Code     0  startup_stm32f40_41xxx.o(.text)
    CRYP_IRQHandler                          0x080003ff   Thumb Code     0  startup_stm32f40_41xxx.o(.text)
    DCMI_IRQHandler                          0x080003ff   Thumb Code     0  startup_stm32f40_41xxx.o(.text)
    DMA1_Stream0_IRQHandler                  0x080003ff   Thumb Code     0  startup_stm32f40_41xxx.o(.text)
    DMA1_Stream1_IRQHandler                  0x080003ff   Thumb Code     0  startup_stm32f40_41xxx.o(.text)
    DMA1_Stream2_IRQHandler                  0x080003ff   Thumb Code     0  startup_stm32f40_41xxx.o(.text)
    DMA1_Stream3_IRQHandler                  0x080003ff   Thumb Code     0  startup_stm32f40_41xxx.o(.text)
    DMA1_Stream4_IRQHandler                  0x080003ff   Thumb Code     0  startup_stm32f40_41xxx.o(.text)
    DMA1_Stream5_IRQHandler                  0x080003ff   Thumb Code     0  startup_stm32f40_41xxx.o(.text)
    DMA1_Stream6_IRQHandler                  0x080003ff   Thumb Code     0  startup_stm32f40_41xxx.o(.text)
    DMA1_Stream7_IRQHandler                  0x080003ff   Thumb Code     0  startup_stm32f40_41xxx.o(.text)
    DMA2_Stream0_IRQHandler                  0x080003ff   Thumb Code     0  startup_stm32f40_41xxx.o(.text)
    DMA2_Stream1_IRQHandler                  0x080003ff   Thumb Code     0  startup_stm32f40_41xxx.o(.text)
    DMA2_Stream2_IRQHandler                  0x080003ff   Thumb Code     0  startup_stm32f40_41xxx.o(.text)
    DMA2_Stream3_IRQHandler                  0x080003ff   Thumb Code     0  startup_stm32f40_41xxx.o(.text)
    DMA2_Stream4_IRQHandler                  0x080003ff   Thumb Code     0  startup_stm32f40_41xxx.o(.text)
    DMA2_Stream5_IRQHandler                  0x080003ff   Thumb Code     0  startup_stm32f40_41xxx.o(.text)
    DMA2_Stream6_IRQHandler                  0x080003ff   Thumb Code     0  startup_stm32f40_41xxx.o(.text)
    DMA2_Stream7_IRQHandler                  0x080003ff   Thumb Code     0  startup_stm32f40_41xxx.o(.text)
    ETH_IRQHandler                           0x080003ff   Thumb Code     0  startup_stm32f40_41xxx.o(.text)
    ETH_WKUP_IRQHandler                      0x080003ff   Thumb Code     0  startup_stm32f40_41xxx.o(.text)
    EXTI15_10_IRQHandler                     0x080003ff   Thumb Code     0  startup_stm32f40_41xxx.o(.text)
    EXTI1_IRQHandler                         0x080003ff   Thumb Code     0  startup_stm32f40_41xxx.o(.text)
    EXTI2_IRQHandler                         0x080003ff   Thumb Code     0  startup_stm32f40_41xxx.o(.text)
    EXTI3_IRQHandler                         0x080003ff   Thumb Code     0  startup_stm32f40_41xxx.o(.text)
    EXTI4_IRQHandler                         0x080003ff   Thumb Code     0  startup_stm32f40_41xxx.o(.text)
    EXTI9_5_IRQHandler                       0x080003ff   Thumb Code     0  startup_stm32f40_41xxx.o(.text)
    FLASH_IRQHandler                         0x080003ff   Thumb Code     0  startup_stm32f40_41xxx.o(.text)
    FPU_IRQHandler                           0x080003ff   Thumb Code     0  startup_stm32f40_41xxx.o(.text)
    FSMC_IRQHandler                          0x080003ff   Thumb Code     0  startup_stm32f40_41xxx.o(.text)
    HASH_RNG_IRQHandler                      0x080003ff   Thumb Code     0  startup_stm32f40_41xxx.o(.text)
    I2C1_ER_IRQHandler                       0x080003ff   Thumb Code     0  startup_stm32f40_41xxx.o(.text)
    I2C1_EV_IRQHandler                       0x080003ff   Thumb Code     0  startup_stm32f40_41xxx.o(.text)
    I2C2_ER_IRQHandler                       0x080003ff   Thumb Code     0  startup_stm32f40_41xxx.o(.text)
    I2C2_EV_IRQHandler                       0x080003ff   Thumb Code     0  startup_stm32f40_41xxx.o(.text)
    I2C3_ER_IRQHandler                       0x080003ff   Thumb Code     0  startup_stm32f40_41xxx.o(.text)
    I2C3_EV_IRQHandler                       0x080003ff   Thumb Code     0  startup_stm32f40_41xxx.o(.text)
    OTG_FS_IRQHandler                        0x080003ff   Thumb Code     0  startup_stm32f40_41xxx.o(.text)
    OTG_FS_WKUP_IRQHandler                   0x080003ff   Thumb Code     0  startup_stm32f40_41xxx.o(.text)
    OTG_HS_EP1_IN_IRQHandler                 0x080003ff   Thumb Code     0  startup_stm32f40_41xxx.o(.text)
    OTG_HS_EP1_OUT_IRQHandler                0x080003ff   Thumb Code     0  startup_stm32f40_41xxx.o(.text)
    OTG_HS_IRQHandler                        0x080003ff   Thumb Code     0  startup_stm32f40_41xxx.o(.text)
    OTG_HS_WKUP_IRQHandler                   0x080003ff   Thumb Code     0  startup_stm32f40_41xxx.o(.text)
    PVD_IRQHandler                           0x080003ff   Thumb Code     0  startup_stm32f40_41xxx.o(.text)
    RCC_IRQHandler                           0x080003ff   Thumb Code     0  startup_stm32f40_41xxx.o(.text)
    RTC_Alarm_IRQHandler                     0x080003ff   Thumb Code     0  startup_stm32f40_41xxx.o(.text)
    RTC_WKUP_IRQHandler                      0x080003ff   Thumb Code     0  startup_stm32f40_41xxx.o(.text)
    SDIO_IRQHandler                          0x080003ff   Thumb Code     0  startup_stm32f40_41xxx.o(.text)
    SPI1_IRQHandler                          0x080003ff   Thumb Code     0  startup_stm32f40_41xxx.o(.text)
    SPI2_IRQHandler                          0x080003ff   Thumb Code     0  startup_stm32f40_41xxx.o(.text)
    SPI3_IRQHandler                          0x080003ff   Thumb Code     0  startup_stm32f40_41xxx.o(.text)
    TAMP_STAMP_IRQHandler                    0x080003ff   Thumb Code     0  startup_stm32f40_41xxx.o(.text)
    TIM1_BRK_TIM9_IRQHandler                 0x080003ff   Thumb Code     0  startup_stm32f40_41xxx.o(.text)
    TIM1_CC_IRQHandler                       0x080003ff   Thumb Code     0  startup_stm32f40_41xxx.o(.text)
    TIM1_TRG_COM_TIM11_IRQHandler            0x080003ff   Thumb Code     0  startup_stm32f40_41xxx.o(.text)
    TIM1_UP_TIM10_IRQHandler                 0x080003ff   Thumb Code     0  startup_stm32f40_41xxx.o(.text)
    TIM5_IRQHandler                          0x080003ff   Thumb Code     0  startup_stm32f40_41xxx.o(.text)
    TIM6_DAC_IRQHandler                      0x080003ff   Thumb Code     0  startup_stm32f40_41xxx.o(.text)
    TIM7_IRQHandler                          0x080003ff   Thumb Code     0  startup_stm32f40_41xxx.o(.text)
    TIM8_BRK_TIM12_IRQHandler                0x080003ff   Thumb Code     0  startup_stm32f40_41xxx.o(.text)
    TIM8_CC_IRQHandler                       0x080003ff   Thumb Code     0  startup_stm32f40_41xxx.o(.text)
    TIM8_TRG_COM_TIM14_IRQHandler            0x080003ff   Thumb Code     0  startup_stm32f40_41xxx.o(.text)
    TIM8_UP_TIM13_IRQHandler                 0x080003ff   Thumb Code     0  startup_stm32f40_41xxx.o(.text)
    UART4_IRQHandler                         0x080003ff   Thumb Code     0  startup_stm32f40_41xxx.o(.text)
    UART5_IRQHandler                         0x080003ff   Thumb Code     0  startup_stm32f40_41xxx.o(.text)
    USART1_IRQHandler                        0x080003ff   Thumb Code     0  startup_stm32f40_41xxx.o(.text)
    USART2_IRQHandler                        0x080003ff   Thumb Code     0  startup_stm32f40_41xxx.o(.text)
    USART3_IRQHandler                        0x080003ff   Thumb Code     0  startup_stm32f40_41xxx.o(.text)
    USART6_IRQHandler                        0x080003ff   Thumb Code     0  startup_stm32f40_41xxx.o(.text)
    WWDG_IRQHandler                          0x080003ff   Thumb Code     0  startup_stm32f40_41xxx.o(.text)
    __user_initial_stackheap                 0x08000401   Thumb Code     0  startup_stm32f40_41xxx.o(.text)
    __user_libspace                          0x08000425   Thumb Code     8  libspace.o(.text)
    __user_perproc_libspace                  0x08000425   Thumb Code     0  libspace.o(.text)
    exit                                     0x0800042d   Thumb Code    18  exit.o(.text)
    __use_two_region_memory                  0x0800043f   Thumb Code     2  heapauxi.o(.text)
    __rt_heap_escrow$2region                 0x08000441   Thumb Code     2  heapauxi.o(.text)
    __rt_heap_expand$2region                 0x08000443   Thumb Code     2  heapauxi.o(.text)
    _sys_exit                                0x08000445   Thumb Code     8  sys_exit.o(.text)
    __user_setup_stackheap                   0x08000451   Thumb Code    74  sys_stackheap_outer.o(.text)
    __I$use$semihosting                      0x0800049b   Thumb Code     0  use_no_semi.o(.text)
    __use_no_semihosting_swi                 0x0800049b   Thumb Code     2  use_no_semi.o(.text)
    SVC_Count                                0x0800049c   Data           4  svc_table.o(SVC_TABLE)
    __semihosting_library_function           0x0800049d   Thumb Code     0  indicate_semi.o(.text)
    CanUpdateClickState                      0x080004a1   Thumb Code    50  main.o(i.CanUpdateClickState)
    SVC_Table                                0x080004a0   Data           0  svc_table.o(SVC_TABLE)
    DisableTimer4Interrupt                   0x080004e5   Thumb Code    34  main.o(i.DisableTimer4Interrupt)
    DisplayLED                               0x08000509   Thumb Code    84  main.o(i.DisplayLED)
    EXTI0_IRQHandler                         0x08000579   Thumb Code   136  main.o(i.EXTI0_IRQHandler)
    EXTI_ClearITPendingBit                   0x08000625   Thumb Code     6  stm32f4xx_exti.o(i.EXTI_ClearITPendingBit)
    EXTI_GetITStatus                         0x08000631   Thumb Code    20  stm32f4xx_exti.o(i.EXTI_GetITStatus)
    EXTI_Init                                0x08000649   Thumb Code   142  stm32f4xx_exti.o(i.EXTI_Init)
    EnableEXTIInterrupt                      0x080006dd   Thumb Code    26  main.o(i.EnableEXTIInterrupt)
    EnableTimer2Interrupt                    0x080006fd   Thumb Code    32  main.o(i.EnableTimer2Interrupt)
    EnableTimer3Interrupt                    0x0800071d   Thumb Code    32  main.o(i.EnableTimer3Interrupt)
    EnableTimer4Interrupt                    0x0800073d   Thumb Code    32  main.o(i.EnableTimer4Interrupt)
    GPIO_Init                                0x0800075d   Thumb Code   144  stm32f4xx_gpio.o(i.GPIO_Init)
    GPIO_PinAFConfig                         0x080007ed   Thumb Code    70  stm32f4xx_gpio.o(i.GPIO_PinAFConfig)
    GPIO_ReadInputDataBit                    0x08000833   Thumb Code    18  stm32f4xx_gpio.o(i.GPIO_ReadInputDataBit)
    GPIO_ResetBits                           0x08000845   Thumb Code     4  stm32f4xx_gpio.o(i.GPIO_ResetBits)
    GPIO_SetBits                             0x08000849   Thumb Code     4  stm32f4xx_gpio.o(i.GPIO_SetBits)
    GPIO_StructInit                          0x0800084d   Thumb Code    18  stm32f4xx_gpio.o(i.GPIO_StructInit)
    GPIO_ToggleBits                          0x0800085f   Thumb Code     8  stm32f4xx_gpio.o(i.GPIO_ToggleBits)
    I2C_AcknowledgeConfig                    0x08000867   Thumb Code    24  stm32f4xx_i2c.o(i.I2C_AcknowledgeConfig)
    I2C_CheckEvent                           0x0800087f   Thumb Code    42  stm32f4xx_i2c.o(i.I2C_CheckEvent)
    I2C_Cmd                                  0x080008a9   Thumb Code    24  stm32f4xx_i2c.o(i.I2C_Cmd)
    I2C_DeInit                               0x080008c1   Thumb Code    82  stm32f4xx_i2c.o(i.I2C_DeInit)
    I2C_GenerateSTART                        0x08000921   Thumb Code    24  stm32f4xx_i2c.o(i.I2C_GenerateSTART)
    I2C_GenerateSTOP                         0x08000939   Thumb Code    24  stm32f4xx_i2c.o(i.I2C_GenerateSTOP)
    I2C_GetFlagStatus                        0x08000951   Thumb Code    58  stm32f4xx_i2c.o(i.I2C_GetFlagStatus)
    I2C_Init                                 0x0800098d   Thumb Code   218  stm32f4xx_i2c.o(i.I2C_Init)
    I2C_ReceiveData                          0x08000a75   Thumb Code     8  stm32f4xx_i2c.o(i.I2C_ReceiveData)
    I2C_Send7bitAddress                      0x08000a7d   Thumb Code    16  stm32f4xx_i2c.o(i.I2C_Send7bitAddress)
    I2C_SendData                             0x08000a8d   Thumb Code     4  stm32f4xx_i2c.o(i.I2C_SendData)
    I2S_Cmd                                  0x08000a91   Thumb Code    24  stm32f4xx_spi.o(i.I2S_Cmd)
    I2S_Init                                 0x08000aa9   Thumb Code   350  stm32f4xx_spi.o(i.I2S_Init)
    InitButton                               0x08000c11   Thumb Code    38  main.o(i.InitButton)
    InitEXTI                                 0x08000c41   Thumb Code    42  main.o(i.InitEXTI)
    InitLEDs                                 0x08000c71   Thumb Code    40  main.o(i.InitLEDs)
    InitTimer_2                              0x08000ca1   Thumb Code    60  main.o(i.InitTimer_2)
    InitTimer_3                              0x08000ce1   Thumb Code    60  main.o(i.InitTimer_3)
    InitTimer_4                              0x08000d25   Thumb Code    60  main.o(i.InitTimer_4)
    LEDOff                                   0x08000d69   Thumb Code    14  main.o(i.LEDOff)
    LEDOn                                    0x08000d7d   Thumb Code    14  main.o(i.LEDOn)
    NVIC_Init                                0x08000d91   Thumb Code   106  misc.o(i.NVIC_Init)
    RCC_AHB1PeriphClockCmd                   0x08000e09   Thumb Code    26  stm32f4xx_rcc.o(i.RCC_AHB1PeriphClockCmd)
    RCC_APB1PeriphClockCmd                   0x08000e29   Thumb Code    26  stm32f4xx_rcc.o(i.RCC_APB1PeriphClockCmd)
    RCC_APB1PeriphResetCmd                   0x08000e49   Thumb Code    26  stm32f4xx_rcc.o(i.RCC_APB1PeriphResetCmd)
    RCC_APB2PeriphClockCmd                   0x08000e69   Thumb Code    26  stm32f4xx_rcc.o(i.RCC_APB2PeriphClockCmd)
    RCC_APB2PeriphResetCmd                   0x08000e89   Thumb Code    26  stm32f4xx_rcc.o(i.RCC_APB2PeriphResetCmd)
    RCC_GetClocksFreq                        0x08000ea9   Thumb Code   214  stm32f4xx_rcc.o(i.RCC_GetClocksFreq)
    RCC_PLLI2SCmd                            0x08000f91   Thumb Code     6  stm32f4xx_rcc.o(i.RCC_PLLI2SCmd)
    SPI_I2S_DeInit                           0x08000f9d   Thumb Code   152  stm32f4xx_spi.o(i.SPI_I2S_DeInit)
    SPI_I2S_GetFlagStatus                    0x0800104d   Thumb Code    18  stm32f4xx_spi.o(i.SPI_I2S_GetFlagStatus)
    SPI_I2S_SendData                         0x0800105f   Thumb Code     4  stm32f4xx_spi.o(i.SPI_I2S_SendData)
    SYSCFG_EXTILineConfig                    0x08001065   Thumb Code    60  stm32f4xx_syscfg.o(i.SYSCFG_EXTILineConfig)
    ShowLED                                  0x08001191   Thumb Code    20  main.o(i.ShowLED)
    ShowProgrammingLED                       0x080011a9   Thumb Code    54  main.o(i.ShowProgrammingLED)
    ShowSizeLED                              0x080011f1   Thumb Code   106  main.o(i.ShowSizeLED)
    SystemInit                               0x08001261   Thumb Code    88  system_stm32f4xx.o(i.SystemInit)
    TIM2_IRQHandler                          0x080012c9   Thumb Code   176  main.o(i.TIM2_IRQHandler)
    TIM3_IRQHandler                          0x080013a9   Thumb Code    72  main.o(i.TIM3_IRQHandler)
    TIM4_IRQHandler                          0x08001409   Thumb Code   218  main.o(i.TIM4_IRQHandler)
    TIM_ClearITPendingBit                    0x0800150d   Thumb Code     6  stm32f4xx_tim.o(i.TIM_ClearITPendingBit)
    TIM_Cmd                                  0x08001513   Thumb Code    24  stm32f4xx_tim.o(i.TIM_Cmd)
    TIM_GetITStatus                          0x0800152b   Thumb Code    34  stm32f4xx_tim.o(i.TIM_GetITStatus)
    TIM_ITConfig                             0x0800154d   Thumb Code    18  stm32f4xx_tim.o(i.TIM_ITConfig)
    TIM_TimeBaseInit                         0x08001561   Thumb Code   104  stm32f4xx_tim.o(i.TIM_TimeBaseInit)
    UpdateCoffeeTiming                       0x080015e5   Thumb Code    52  main.o(i.UpdateCoffeeTiming)
    UpdateMachineStatus                      0x0800162d   Thumb Code    56  main.o(i.UpdateMachineStatus)
    UpdateNonProgrammingStatus               0x08001675   Thumb Code   106  main.o(i.UpdateNonProgrammingStatus)
    UpdateProgrammingStatus                  0x08001709   Thumb Code   194  main.o(i.UpdateProgrammingStatus)
    _init_box                                0x080017f9   Thumb Code    70  rt_membox.o(i._init_box)
    _mutex_acquire                           0x08001841   Thumb Code    22  rtx_conf_cm.o(i._mutex_acquire)
    _mutex_release                           0x08001861   Thumb Code    18  rtx_conf_cm.o(i._mutex_release)
    codec_ctrl_init                          0x0800187d   Thumb Code   346  codec.o(i.codec_ctrl_init)
    codec_init                               0x080019e1   Thumb Code   310  codec.o(i.codec_init)
    dbg_init                                 0x08001b3d   Thumb Code    34  hal_cm.o(i.dbg_init)
    dbg_task_notify                          0x08001b6d   Thumb Code    32  hal_cm.o(i.dbg_task_notify)
    dbg_task_switch                          0x08001b8d   Thumb Code    16  hal_cm.o(i.dbg_task_switch)
    initFilter                               0x08001b9d   Thumb Code    96  main.o(i.initFilter)
    isrMessageGet                            0x08001c01   Thumb Code    42  rt_cmsis.o(i.isrMessageGet)
    isrMessagePut                            0x08001c2b   Thumb Code    44  rt_cmsis.o(i.isrMessagePut)
    isr_mbx_receive                          0x08001c59   Thumb Code    86  rt_mailbox.o(i.isr_mbx_receive)
    isr_mbx_send                             0x08001caf   Thumb Code    14  rt_mailbox.o(i.isr_mbx_send)
    main                                     0x08001cbd   Thumb Code   360  main.o(i.main)
    osKernelInitialize                       0x08001e79   Thumb Code    30  rt_cmsis.o(i.osKernelInitialize)
    osKernelStart                            0x08001e9d   Thumb Code    98  rt_cmsis.o(i.osKernelStart)
    osMessageGet                             0x08001f09   Thumb Code    18  rt_cmsis.o(i.osMessageGet)
    osThreadCreate                           0x08001f21   Thumb Code    36  rt_cmsis.o(i.osThreadCreate)
    osThreadExit                             0x08001f4d   Thumb Code    14  rt_cmsis.o(i.osThreadExit)
    osTimerCall                              0x08001f65   Thumb Code     8  rt_cmsis.o(i.osTimerCall)
    osTimerThread                            0x08001f71   Thumb Code    38  rt_cmsis.o(i.osTimerThread)
    os_error                                 0x08001f9d   Thumb Code    34  rtx_conf_cm.o(i.os_error)
    os_idle_demon                            0x08001fbf   Thumb Code     4  rtx_conf_cm.o(i.os_idle_demon)
    os_tick_init                             0x08001fc5   Thumb Code    32  rt_system.o(i.os_tick_init)
    os_tick_irqack                           0x08001fed   Thumb Code     2  rt_system.o(i.os_tick_irqack)
    read_codec_register                      0x08001ff1   Thumb Code   206  codec.o(i.read_codec_register)
    rt_alloc_box                             0x080020d1   Thumb Code    26  rt_membox.o(i.rt_alloc_box)
    rt_alloc_mem                             0x080020eb   Thumb Code    62  rt_memory.o(i.rt_alloc_mem)
    rt_block                                 0x08002129   Thumb Code    48  rt_task.o(i.rt_block)
    rt_chk_robin                             0x08002161   Thumb Code    60  rt_robin.o(i.rt_chk_robin)
    rt_dec_dly                               0x080021a9   Thumb Code   102  rt_list.o(i.rt_dec_dly)
    rt_dispatch                              0x08002219   Thumb Code    60  rt_task.o(i.rt_dispatch)
    rt_evt_psh                               0x0800225d   Thumb Code    76  rt_event.o(i.rt_evt_psh)
    rt_free_box                              0x080022ad   Thumb Code    44  rt_membox.o(i.rt_free_box)
    rt_free_mem                              0x080022d9   Thumb Code    40  rt_memory.o(i.rt_free_mem)
    rt_get_first                             0x08002301   Thumb Code    40  rt_list.o(i.rt_get_first)
    rt_init_mem                              0x08002379   Thumb Code    26  rt_memory.o(i.rt_init_mem)
    rt_init_robin                            0x08002395   Thumb Code    14  rt_robin.o(i.rt_init_robin)
    rt_init_stack                            0x080023ad   Thumb Code   118  hal_cm.o(i.rt_init_stack)
    rt_mbx_check                             0x0800242d   Thumb Code     8  rt_mailbox.o(i.rt_mbx_check)
    rt_mbx_init                              0x08002435   Thumb Code    26  rt_mailbox.o(i.rt_mbx_init)
    rt_mbx_psh                               0x08002451   Thumb Code   236  rt_mailbox.o(i.rt_mbx_psh)
    rt_mbx_wait                              0x08002541   Thumb Code   174  rt_mailbox.o(i.rt_mbx_wait)
    rt_mut_release                           0x08002639   Thumb Code   208  rt_mutex.o(i.rt_mut_release)
    rt_mut_wait                              0x08002711   Thumb Code   114  rt_mutex.o(i.rt_mut_wait)
    rt_pop_req                               0x08002789   Thumb Code   112  rt_system.o(i.rt_pop_req)
    rt_psh_req                               0x08002805   Thumb Code    22  rt_system.o(i.rt_psh_req)
    rt_psq_enq                               0x08002825   Thumb Code    88  rt_list.o(i.rt_psq_enq)
    rt_put_dly                               0x08002881   Thumb Code    68  rt_list.o(i.rt_put_dly)
    rt_put_prio                              0x080028c9   Thumb Code    54  rt_list.o(i.rt_put_prio)
    rt_put_rdy_first                         0x08002901   Thumb Code    14  rt_list.o(i.rt_put_rdy_first)
    rt_resort_prio                           0x08002915   Thumb Code    46  rt_list.o(i.rt_resort_prio)
    rt_ret_val                               0x08002959   Thumb Code    12  hal_cm.o(i.rt_ret_val)
    rt_ret_val2                              0x08002965   Thumb Code    16  hal_cm.o(i.rt_ret_val2)
    rt_rmv_dly                               0x08002975   Thumb Code    40  rt_list.o(i.rt_rmv_dly)
    rt_rmv_list                              0x0800299d   Thumb Code    44  rt_list.o(i.rt_rmv_list)
    rt_sem_psh                               0x080029cd   Thumb Code    48  rt_semaphore.o(i.rt_sem_psh)
    rt_stk_check                             0x08002a01   Thumb Code    28  rt_system.o(i.rt_stk_check)
    rt_switch_req                            0x08002a25   Thumb Code    30  rt_task.o(i.rt_switch_req)
    rt_sys_init                              0x08002a4d   Thumb Code   138  rt_task.o(i.rt_sys_init)
    rt_sys_start                             0x08002b19   Thumb Code   110  rt_task.o(i.rt_sys_start)
    rt_systick                               0x08002b91   Thumb Code    50  rt_system.o(i.rt_systick)
    rt_tsk_create                            0x08002c19   Thumb Code   118  rt_task.o(i.rt_tsk_create)
    rt_tsk_delete                            0x08002ca1   Thumb Code   352  rt_task.o(i.rt_tsk_delete)
    rt_tsk_prio                              0x08002e1d   Thumb Code   108  rt_task.o(i.rt_tsk_prio)
    rt_tsk_self                              0x08002e99   Thumb Code    12  rt_task.o(i.rt_tsk_self)
    send_codec_ctrl                          0x08002ea9   Thumb Code   130  codec.o(i.send_codec_ctrl)
    svcKernelInitialize                      0x08002f39   Thumb Code    80  rt_cmsis.o(i.svcKernelInitialize)
    svcKernelStart                           0x08002fa9   Thumb Code    62  rt_cmsis.o(i.svcKernelStart)
    svcMessageCreate                         0x08002ff1   Thumb Code    36  rt_cmsis.o(i.svcMessageCreate)
    svcMessageGet                            0x08003015   Thumb Code    58  rt_cmsis.o(i.svcMessageGet)
    svcThreadCreate                          0x08003051   Thumb Code    96  rt_cmsis.o(i.svcThreadCreate)
    svcThreadGetId                           0x080030bd   Thumb Code    22  rt_cmsis.o(i.svcThreadGetId)
    svcThreadTerminate                       0x080030d9   Thumb Code    50  rt_cmsis.o(i.svcThreadTerminate)
    svcTimerCall                             0x08003111   Thumb Code    24  rt_cmsis.o(i.svcTimerCall)
    sysTimerTick                             0x08003129   Thumb Code    84  rt_cmsis.o(i.sysTimerTick)
    updateFilter                             0x08003185   Thumb Code    88  main.o(i.updateFilter)
    __aeabi_d2f                              0x080031e1   Thumb Code     0  d2f.o(x$fpl$d2f)
    _d2f                                     0x080031e1   Thumb Code    98  d2f.o(x$fpl$d2f)
    __aeabi_dadd                             0x08003245   Thumb Code     0  daddsub_clz.o(x$fpl$dadd)
    _dadd                                    0x08003245   Thumb Code   332  daddsub_clz.o(x$fpl$dadd)
    __fpl_dcmp_Inf                           0x08003395   Thumb Code    24  dcmpi.o(x$fpl$dcmpinf)
    __aeabi_d2iz                             0x080033ad   Thumb Code     0  dfix.o(x$fpl$dfix)
    _dfix                                    0x080033ad   Thumb Code    94  dfix.o(x$fpl$dfix)
    __aeabi_cdcmple                          0x0800340d   Thumb Code     0  dleqf.o(x$fpl$dleqf)
    _dcmple                                  0x0800340d   Thumb Code   120  dleqf.o(x$fpl$dleqf)
    __fpl_dcmple_InfNaN                      0x0800346f   Thumb Code     0  dleqf.o(x$fpl$dleqf)
    __aeabi_dmul                             0x08003485   Thumb Code     0  dmul.o(x$fpl$dmul)
    _dmul                                    0x08003485   Thumb Code   332  dmul.o(x$fpl$dmul)
    __fpl_dnaninf                            0x080035d9   Thumb Code   156  dnaninf.o(x$fpl$dnaninf)
    __fpl_dretinf                            0x08003675   Thumb Code    12  dretinf.o(x$fpl$dretinf)
    __aeabi_cdrcmple                         0x08003681   Thumb Code     0  drleqf.o(x$fpl$drleqf)
    _drcmple                                 0x08003681   Thumb Code   108  drleqf.o(x$fpl$drleqf)
    __aeabi_dsub                             0x080036ed   Thumb Code     0  daddsub_clz.o(x$fpl$dsub)
    _dsub                                    0x080036ed   Thumb Code   464  daddsub_clz.o(x$fpl$dsub)
    __aeabi_f2d                              0x080038c1   Thumb Code     0  f2d.o(x$fpl$f2d)
    _f2d                                     0x080038c1   Thumb Code    86  f2d.o(x$fpl$f2d)
    __fpl_fnaninf                            0x08003917   Thumb Code   140  fnaninf.o(x$fpl$fnaninf)
    _fp_init                                 0x080039a3   Thumb Code    10  fpinit.o(x$fpl$fpinit)
    __fplib_config_fpu_vfp                   0x080039ab   Thumb Code     0  fpinit.o(x$fpl$fpinit)
    __fplib_config_pureend_doubles           0x080039ab   Thumb Code     0  fpinit.o(x$fpl$fpinit)
    __fpl_fretinf                            0x080039ad   Thumb Code    10  fretinf.o(x$fpl$fretinf)
    __I$use$fp                               0x080039b6   Number         0  usenofp.o(x$fpl$usenofp)
    os_maxtaskrun                            0x080039b8   Data           2  rtx_conf_cm.o(.constdata)
    os_stackinfo                             0x080039bc   Data           4  rtx_conf_cm.o(.constdata)
    os_rrobin                                0x080039c0   Data           4  rtx_conf_cm.o(.constdata)
    os_tickfreq                              0x080039c4   Data           4  rtx_conf_cm.o(.constdata)
    os_tickus_i                              0x080039c8   Data           2  rtx_conf_cm.o(.constdata)
    os_tickus_f                              0x080039ca   Data           2  rtx_conf_cm.o(.constdata)
    os_trv                                   0x080039cc   Data           4  rtx_conf_cm.o(.constdata)
    os_flags                                 0x080039d0   Data           1  rtx_conf_cm.o(.constdata)
    CMSIS_RTOS_API_Version                   0x080039d4   Data           4  rtx_conf_cm.o(.constdata)
    CMSIS_RTOS_RTX_Version                   0x080039d8   Data           4  rtx_conf_cm.o(.constdata)
    os_clockrate                             0x080039dc   Data           4  rtx_conf_cm.o(.constdata)
    os_timernum                              0x080039e0   Data           4  rtx_conf_cm.o(.constdata)
    mp_tcb_size                              0x080039e4   Data           2  rtx_conf_cm.o(.constdata)
    mp_stk_size                              0x080039e8   Data           4  rtx_conf_cm.o(.constdata)
    os_stack_sz                              0x080039ec   Data           4  rtx_conf_cm.o(.constdata)
    os_fifo_size                             0x080039f0   Data           1  rtx_conf_cm.o(.constdata)
    os_thread_def_osTimerThread              0x080039f4   Data          16  rtx_conf_cm.o(.constdata)
    os_messageQ_def_osTimerMessageQ          0x08003a04   Data           8  rtx_conf_cm.o(.constdata)
    mp_tmr_size                              0x08003a0c   Data           2  rtx_conf_cm.o(.constdata)
    os_thread_def_main                       0x08003a10   Data          16  rtx_conf_cm.o(.constdata)
    Region$$Table$$Base                      0x08003a20   Number         0  anon$$obj.o(Region$$Table)
    Region$$Table$$Limit                     0x08003a40   Number         0  anon$$obj.o(Region$$Table)
    GPIO_InitStructure                       0x20000000   Data           8  main.o(.data)
    sampleCounter                            0x20000008   Data           4  main.o(.data)
    sample                                   0x2000000c   Data           2  main.o(.data)
    sawWave                                  0x20000010   Data           8  main.o(.data)
    filteredSaw                              0x20000018   Data           4  main.o(.data)
    GPIO_Initstructure                       0x2000001c   Data           8  main.o(.data)
    EXTI_InitStructure                       0x20000024   Data           8  main.o(.data)
    NVIC_InitStructure                       0x2000002c   Data           4  main.o(.data)
    timer_for_button_hold                    0x20000030   Data           4  main.o(.data)
    timer_for_button_released                0x20000034   Data           4  main.o(.data)
    timer_for_idle                           0x20000038   Data           4  main.o(.data)
    is_button_up                             0x2000003c   Data           1  main.o(.data)
    within_double_click_period               0x2000003d   Data           1  main.o(.data)
    button_clicked                           0x2000003e   Data           1  main.o(.data)
    is_single_click                          0x2000003f   Data           1  main.o(.data)
    is_double_click                          0x20000040   Data           1  main.o(.data)
    is_long_click                            0x20000041   Data           1  main.o(.data)
    program_started                          0x20000042   Data           1  main.o(.data)
    display_default_timer                    0x20000043   Data           1  main.o(.data)
    is_programming_state                     0x20000044   Data           1  main.o(.data)
    is_idle                                  0x20000045   Data           1  main.o(.data)
    is_finish_blink                          0x20000046   Data           1  main.o(.data)
    error_LED_1                              0x20000048   Data           2  main.o(.data)
    error_LED_2                              0x2000004a   Data           2  main.o(.data)
    display_LED_1                            0x2000004c   Data           2  main.o(.data)
    num_blink                                0x20000050   Data           4  main.o(.data)
    coffee_size                              0x20000054   Data           4  main.o(.data)
    time_small                               0x20000058   Data           2  main.o(.data)
    time_medium                              0x2000005a   Data           2  main.o(.data)
    time_ex_large                            0x2000005c   Data           2  main.o(.data)
    new_num_click                            0x2000005e   Data           2  main.o(.data)
    output_sound                             0x20000060   Data           1  main.o(.data)
    timer_for_sound                          0x20000064   Data           4  main.o(.data)
    start_sound_timer                        0x20000068   Data           1  main.o(.data)
    osThreadId_osTimerThread                 0x2000006c   Data           4  rtx_conf_cm.o(.data)
    osMessageQId_osTimerMessageQ             0x20000070   Data           4  rtx_conf_cm.o(.data)
    os_tmr                                   0x20000074   Data           4  rtx_conf_cm.o(.data)
    m_tmr                                    0x20000078   Data           4  rtx_conf_cm.o(.data)
    os_initialized                           0x20000090   Data           1  rt_cmsis.o(.data)
    os_running                               0x20000091   Data           1  rt_cmsis.o(.data)
    os_timer_head                            0x20000094   Data           4  rt_cmsis.o(.data)
    os_tsk                                   0x20000098   Data           8  rt_task.o(.data)
    os_tick_irqn                             0x200000a4   Data           4  rt_system.o(.data)
    os_time                                  0x200000a8   Data           4  rt_time.o(.data)
    os_robin                                 0x200000ac   Data           8  rt_robin.o(.data)
    dbg_msg                                  0x200000b4   Data           1  hal_cm.o(.data)
    timer_InitStructure                      0x200000b8   Data          12  main.o(.bss)
    filt                                     0x200000c4   Data          68  main.o(.bss)
    I2S_InitType                             0x20000108   Data          16  codec.o(.bss)
    I2C_InitType                             0x20000118   Data          16  codec.o(.bss)
    mp_tcb                                   0x20000128   Data         376  rtx_conf_cm.o(.bss)
    mp_stk                                   0x200002a0   Data        1216  rtx_conf_cm.o(.bss)
    os_stack_mem                             0x20000760   Data         432  rtx_conf_cm.o(.bss)
    os_fifo                                  0x20000910   Data         132  rtx_conf_cm.o(.bss)
    os_active_TCB                            0x20000994   Data          28  rtx_conf_cm.o(.bss)
    os_messageQ_q_osTimerMessageQ            0x200009b0   Data          32  rtx_conf_cm.o(.bss)
    os_idle_TCB                              0x20000cf0   Data          52  rt_task.o(.bss)
    os_rdy                                   0x20000d24   Data          24  rt_list.o(.bss)
    os_dly                                   0x20000d3c   Data          24  rt_list.o(.bss)
    __libspace_start                         0x20000d54   Data          96  libspace.o(.bss)
    __temporary_stack_top$libspace           0x20000db4   Data           0  libspace.o(.bss)



==============================================================================

Memory Map of the image

  Image Entry point : 0x080003e5

  Load Region LR_1 (Base: 0x08000000, Size: 0x00003af8, Max: 0xffffffff, ABSOLUTE)

    Execution Region ER_RO (Exec base: 0x08000000, Load base: 0x08000000, Size: 0x00003a40, Max: 0xffffffff, ABSOLUTE)

    Exec Addr    Load Addr    Size         Type   Attr      Idx    E Section Name        Object

    0x08000000   0x08000000   0x00000188   Data   RO         2073    RESET               startup_stm32f40_41xxx.o
    0x08000188   0x08000188   0x00000008   Code   RO         3346  * !!!main             c_w.l(__main.o)
    0x08000190   0x08000190   0x00000034   Code   RO         3538    !!!scatter          c_w.l(__scatter.o)
    0x080001c4   0x080001c4   0x0000001a   Code   RO         3540    !!handler_copy      c_w.l(__scatter_copy.o)
    0x080001de   0x080001de   0x00000002   PAD
    0x080001e0   0x080001e0   0x0000001c   Code   RO         3542    !!handler_zi        c_w.l(__scatter_zi.o)
    0x080001fc   0x080001fc   0x00000002   Code   RO         3424    .ARM.Collect$$libinit$$00000000  c_w.l(libinit.o)
    0x080001fe   0x080001fe   0x00000004   Code   RO         3435    .ARM.Collect$$libinit$$00000001  c_w.l(libinit2.o)
    0x08000202   0x08000202   0x00000000   Code   RO         3438    .ARM.Collect$$libinit$$00000004  c_w.l(libinit2.o)
    0x08000202   0x08000202   0x00000000   Code   RO         3441    .ARM.Collect$$libinit$$0000000A  c_w.l(libinit2.o)
    0x08000202   0x08000202   0x00000000   Code   RO         3443    .ARM.Collect$$libinit$$0000000C  c_w.l(libinit2.o)
    0x08000202   0x08000202   0x00000000   Code   RO         3445    .ARM.Collect$$libinit$$0000000E  c_w.l(libinit2.o)
    0x08000202   0x08000202   0x00000000   Code   RO         3448    .ARM.Collect$$libinit$$00000011  c_w.l(libinit2.o)
    0x08000202   0x08000202   0x00000000   Code   RO         3450    .ARM.Collect$$libinit$$00000013  c_w.l(libinit2.o)
    0x08000202   0x08000202   0x00000000   Code   RO         3452    .ARM.Collect$$libinit$$00000015  c_w.l(libinit2.o)
    0x08000202   0x08000202   0x00000000   Code   RO         3454    .ARM.Collect$$libinit$$00000017  c_w.l(libinit2.o)
    0x08000202   0x08000202   0x00000000   Code   RO         3456    .ARM.Collect$$libinit$$00000019  c_w.l(libinit2.o)
    0x08000202   0x08000202   0x00000000   Code   RO         3458    .ARM.Collect$$libinit$$0000001B  c_w.l(libinit2.o)
    0x08000202   0x08000202   0x00000000   Code   RO         3460    .ARM.Collect$$libinit$$0000001D  c_w.l(libinit2.o)
    0x08000202   0x08000202   0x00000000   Code   RO         3462    .ARM.Collect$$libinit$$0000001F  c_w.l(libinit2.o)
    0x08000202   0x08000202   0x00000000   Code   RO         3464    .ARM.Collect$$libinit$$00000021  c_w.l(libinit2.o)
    0x08000202   0x08000202   0x00000000   Code   RO         3466    .ARM.Collect$$libinit$$00000023  c_w.l(libinit2.o)
    0x08000202   0x08000202   0x00000000   Code   RO         3468    .ARM.Collect$$libinit$$00000025  c_w.l(libinit2.o)
    0x08000202   0x08000202   0x00000000   Code   RO         3472    .ARM.Collect$$libinit$$0000002C  c_w.l(libinit2.o)
    0x08000202   0x08000202   0x00000000   Code   RO         3474    .ARM.Collect$$libinit$$0000002E  c_w.l(libinit2.o)
    0x08000202   0x08000202   0x00000000   Code   RO         3476    .ARM.Collect$$libinit$$00000030  c_w.l(libinit2.o)
    0x08000202   0x08000202   0x00000000   Code   RO         3478    .ARM.Collect$$libinit$$00000032  c_w.l(libinit2.o)
    0x08000202   0x08000202   0x00000002   Code   RO         3479    .ARM.Collect$$libinit$$00000033  c_w.l(libinit2.o)
    0x08000204   0x08000204   0x00000002   Code   RO         3425    .ARM.Collect$$libshutdown$$00000000  c_w.l(libshutdown.o)
    0x08000206   0x08000206   0x00000000   Code   RO         3481    .ARM.Collect$$libshutdown$$00000002  c_w.l(libshutdown2.o)
    0x08000206   0x08000206   0x00000000   Code   RO         3483    .ARM.Collect$$libshutdown$$00000004  c_w.l(libshutdown2.o)
    0x08000206   0x08000206   0x00000000   Code   RO         3486    .ARM.Collect$$libshutdown$$00000007  c_w.l(libshutdown2.o)
    0x08000206   0x08000206   0x00000000   Code   RO         3489    .ARM.Collect$$libshutdown$$0000000A  c_w.l(libshutdown2.o)
    0x08000206   0x08000206   0x00000000   Code   RO         3491    .ARM.Collect$$libshutdown$$0000000C  c_w.l(libshutdown2.o)
    0x08000206   0x08000206   0x00000000   Code   RO         3494    .ARM.Collect$$libshutdown$$0000000F  c_w.l(libshutdown2.o)
    0x08000206   0x08000206   0x00000002   Code   RO         3495    .ARM.Collect$$libshutdown$$00000010  c_w.l(libshutdown2.o)
    0x08000208   0x08000208   0x00000000   Code   RO         3366    .ARM.Collect$$rtentry$$00000000  c_w.l(__rtentry.o)
    0x08000208   0x08000208   0x00000000   Code   RO         3385    .ARM.Collect$$rtentry$$00000002  c_w.l(__rtentry2.o)
    0x08000208   0x08000208   0x00000006   Code   RO         3397    .ARM.Collect$$rtentry$$00000004  c_w.l(__rtentry4.o)
    0x0800020e   0x0800020e   0x00000000   Code   RO         3387    .ARM.Collect$$rtentry$$00000009  c_w.l(__rtentry2.o)
    0x0800020e   0x0800020e   0x00000004   Code   RO         3388    .ARM.Collect$$rtentry$$0000000A  c_w.l(__rtentry2.o)
    0x08000212   0x08000212   0x00000008   Code   RO         3389    .ARM.Collect$$rtentry$$0000000B  c_w.l(__rtentry2.o)
    0x0800021a   0x0800021a   0x00000008   Code   RO         3391    .ARM.Collect$$rtentry$$0000000D  c_w.l(__rtentry2.o)
    0x08000222   0x08000222   0x00000002   Code   RO         3367    .ARM.Collect$$rtexit$$00000000  c_w.l(rtexit.o)
    0x08000224   0x08000224   0x00000000   Code   RO         3400    .ARM.Collect$$rtexit$$00000002  c_w.l(rtexit2.o)
    0x08000224   0x08000224   0x00000004   Code   RO         3401    .ARM.Collect$$rtexit$$00000003  c_w.l(rtexit2.o)
    0x08000228   0x08000228   0x00000006   Code   RO         3402    .ARM.Collect$$rtexit$$00000004  c_w.l(rtexit2.o)
    0x0800022e   0x0800022e   0x00000002   PAD
    0x08000230   0x08000230   0x0000001c   Code   RO          320    .emb_text           rtx_conf_cm.o
    0x0800024c   0x0800024c   0x00000198   Code   RO         3322    .emb_text           RTX_CM4.lib(hal_cm4.o)
    0x080003e4   0x080003e4   0x00000040   Code   RO         2074  * .text               startup_stm32f40_41xxx.o
    0x08000424   0x08000424   0x00000008   Code   RO         3337    .text               c_w.l(libspace.o)
    0x0800042c   0x0800042c   0x00000012   Code   RO         3342    .text               c_w.l(exit.o)
    0x0800043e   0x0800043e   0x00000006   Code   RO         3344    .text               c_w.l(heapauxi.o)
    0x08000444   0x08000444   0x0000000c   Code   RO         3410    .text               c_w.l(sys_exit.o)
    0x08000450   0x08000450   0x0000004a   Code   RO         3412    .text               c_w.l(sys_stackheap_outer.o)
    0x0800049a   0x0800049a   0x00000002   Code   RO         3426    .text               c_w.l(use_no_semi.o)
    0x0800049c   0x0800049c   0x00000000   Code   RO         3428    .text               c_w.l(indicate_semi.o)
    0x0800049c   0x0800049c   0x00000004   Code   RO         3332    SVC_TABLE           RTX_CM4.lib(svc_table.o)
    0x080004a0   0x080004a0   0x00000044   Code   RO            4    i.CanUpdateClickState  main.o
    0x080004e4   0x080004e4   0x00000022   Code   RO            5    i.DisableTimer4Interrupt  main.o
    0x08000506   0x08000506   0x00000002   PAD
    0x08000508   0x08000508   0x00000070   Code   RO            6    i.DisplayLED        main.o
    0x08000578   0x08000578   0x000000ac   Code   RO            7    i.EXTI0_IRQHandler  main.o
    0x08000624   0x08000624   0x0000000c   Code   RO          553    i.EXTI_ClearITPendingBit  stm32f4xx_exti.o
    0x08000630   0x08000630   0x00000018   Code   RO          557    i.EXTI_GetITStatus  stm32f4xx_exti.o
    0x08000648   0x08000648   0x00000094   Code   RO          558    i.EXTI_Init         stm32f4xx_exti.o
    0x080006dc   0x080006dc   0x00000020   Code   RO            8    i.EnableEXTIInterrupt  main.o
    0x080006fc   0x080006fc   0x00000020   Code   RO            9    i.EnableTimer2Interrupt  main.o
    0x0800071c   0x0800071c   0x00000020   Code   RO           10    i.EnableTimer3Interrupt  main.o
    0x0800073c   0x0800073c   0x00000020   Code   RO           11    i.EnableTimer4Interrupt  main.o
    0x0800075c   0x0800075c   0x00000090   Code   RO          619    i.GPIO_Init         stm32f4xx_gpio.o
    0x080007ec   0x080007ec   0x00000046   Code   RO          620    i.GPIO_PinAFConfig  stm32f4xx_gpio.o
    0x08000832   0x08000832   0x00000012   Code   RO          623    i.GPIO_ReadInputDataBit  stm32f4xx_gpio.o
    0x08000844   0x08000844   0x00000004   Code   RO          626    i.GPIO_ResetBits    stm32f4xx_gpio.o
    0x08000848   0x08000848   0x00000004   Code   RO          627    i.GPIO_SetBits      stm32f4xx_gpio.o
    0x0800084c   0x0800084c   0x00000012   Code   RO          628    i.GPIO_StructInit   stm32f4xx_gpio.o
    0x0800085e   0x0800085e   0x00000008   Code   RO          629    i.GPIO_ToggleBits   stm32f4xx_gpio.o
    0x08000866   0x08000866   0x00000018   Code   RO          721    i.I2C_AcknowledgeConfig  stm32f4xx_i2c.o
    0x0800087e   0x0800087e   0x0000002a   Code   RO          724    i.I2C_CheckEvent    stm32f4xx_i2c.o
    0x080008a8   0x080008a8   0x00000018   Code   RO          727    i.I2C_Cmd           stm32f4xx_i2c.o
    0x080008c0   0x080008c0   0x00000060   Code   RO          730    i.I2C_DeInit        stm32f4xx_i2c.o
    0x08000920   0x08000920   0x00000018   Code   RO          735    i.I2C_GenerateSTART  stm32f4xx_i2c.o
    0x08000938   0x08000938   0x00000018   Code   RO          736    i.I2C_GenerateSTOP  stm32f4xx_i2c.o
    0x08000950   0x08000950   0x0000003a   Code   RO          737    i.I2C_GetFlagStatus  stm32f4xx_i2c.o
    0x0800098a   0x0800098a   0x00000002   PAD
    0x0800098c   0x0800098c   0x000000e8   Code   RO          742    i.I2C_Init          stm32f4xx_i2c.o
    0x08000a74   0x08000a74   0x00000008   Code   RO          747    i.I2C_ReceiveData   stm32f4xx_i2c.o
    0x08000a7c   0x08000a7c   0x00000010   Code   RO          749    i.I2C_Send7bitAddress  stm32f4xx_i2c.o
    0x08000a8c   0x08000a8c   0x00000004   Code   RO          750    i.I2C_SendData      stm32f4xx_i2c.o
    0x08000a90   0x08000a90   0x00000018   Code   RO         1280    i.I2S_Cmd           stm32f4xx_spi.o
    0x08000aa8   0x08000aa8   0x00000168   Code   RO         1282    i.I2S_Init          stm32f4xx_spi.o
    0x08000c10   0x08000c10   0x00000030   Code   RO           13    i.InitButton        main.o
    0x08000c40   0x08000c40   0x00000030   Code   RO           14    i.InitEXTI          main.o
    0x08000c70   0x08000c70   0x00000030   Code   RO           15    i.InitLEDs          main.o
    0x08000ca0   0x08000ca0   0x00000040   Code   RO           16    i.InitTimer_2       main.o
    0x08000ce0   0x08000ce0   0x00000044   Code   RO           17    i.InitTimer_3       main.o
    0x08000d24   0x08000d24   0x00000044   Code   RO           18    i.InitTimer_4       main.o
    0x08000d68   0x08000d68   0x00000014   Code   RO           19    i.LEDOff            main.o
    0x08000d7c   0x08000d7c   0x00000014   Code   RO           20    i.LEDOn             main.o
    0x08000d90   0x08000d90   0x00000078   Code   RO          384    i.NVIC_Init         misc.o
    0x08000e08   0x08000e08   0x00000020   Code   RO          948    i.RCC_AHB1PeriphClockCmd  stm32f4xx_rcc.o
    0x08000e28   0x08000e28   0x00000020   Code   RO          957    i.RCC_APB1PeriphClockCmd  stm32f4xx_rcc.o
    0x08000e48   0x08000e48   0x00000020   Code   RO          959    i.RCC_APB1PeriphResetCmd  stm32f4xx_rcc.o
    0x08000e68   0x08000e68   0x00000020   Code   RO          960    i.RCC_APB2PeriphClockCmd  stm32f4xx_rcc.o
    0x08000e88   0x08000e88   0x00000020   Code   RO          962    i.RCC_APB2PeriphResetCmd  stm32f4xx_rcc.o
    0x08000ea8   0x08000ea8   0x000000e8   Code   RO          969    i.RCC_GetClocksFreq  stm32f4xx_rcc.o
    0x08000f90   0x08000f90   0x0000000c   Code   RO          987    i.RCC_PLLI2SCmd     stm32f4xx_rcc.o
    0x08000f9c   0x08000f9c   0x000000b0   Code   RO         1293    i.SPI_I2S_DeInit    stm32f4xx_spi.o
    0x0800104c   0x0800104c   0x00000012   Code   RO         1294    i.SPI_I2S_GetFlagStatus  stm32f4xx_spi.o
    0x0800105e   0x0800105e   0x00000004   Code   RO         1298    i.SPI_I2S_SendData  stm32f4xx_spi.o
    0x08001062   0x08001062   0x00000002   PAD
    0x08001064   0x08001064   0x00000040   Code   RO         1451    i.SYSCFG_EXTILineConfig  stm32f4xx_syscfg.o
    0x080010a4   0x080010a4   0x000000ec   Code   RO         2081    i.SetSysClock       system_stm32f4xx.o
    0x08001190   0x08001190   0x00000018   Code   RO           21    i.ShowLED           main.o
    0x080011a8   0x080011a8   0x00000048   Code   RO           22    i.ShowProgrammingLED  main.o
    0x080011f0   0x080011f0   0x00000070   Code   RO           23    i.ShowSizeLED       main.o
    0x08001260   0x08001260   0x00000068   Code   RO         2083    i.SystemInit        system_stm32f4xx.o
    0x080012c8   0x080012c8   0x000000e0   Code   RO           24    i.TIM2_IRQHandler   main.o
    0x080013a8   0x080013a8   0x00000060   Code   RO           25    i.TIM3_IRQHandler   main.o
    0x08001408   0x08001408   0x00000104   Code   RO           26    i.TIM4_IRQHandler   main.o
    0x0800150c   0x0800150c   0x00000006   Code   RO         1519    i.TIM_ClearITPendingBit  stm32f4xx_tim.o
    0x08001512   0x08001512   0x00000018   Code   RO         1524    i.TIM_Cmd           stm32f4xx_tim.o
    0x0800152a   0x0800152a   0x00000022   Code   RO         1545    i.TIM_GetITStatus   stm32f4xx_tim.o
    0x0800154c   0x0800154c   0x00000012   Code   RO         1549    i.TIM_ITConfig      stm32f4xx_tim.o
    0x0800155e   0x0800155e   0x00000002   PAD
    0x08001560   0x08001560   0x00000084   Code   RO         1596    i.TIM_TimeBaseInit  stm32f4xx_tim.o
    0x080015e4   0x080015e4   0x00000048   Code   RO           27    i.UpdateCoffeeTiming  main.o
    0x0800162c   0x0800162c   0x00000048   Code   RO           28    i.UpdateMachineStatus  main.o
    0x08001674   0x08001674   0x00000094   Code   RO           29    i.UpdateNonProgrammingStatus  main.o
    0x08001708   0x08001708   0x000000f0   Code   RO           30    i.UpdateProgrammingStatus  main.o
    0x080017f8   0x080017f8   0x00000046   Code   RO         3216    i._init_box         RTX_CM4.lib(rt_membox.o)
    0x0800183e   0x0800183e   0x00000002   PAD
    0x08001840   0x08001840   0x00000020   Code   RO          322    i._mutex_acquire    rtx_conf_cm.o
    0x08001860   0x08001860   0x0000001c   Code   RO          324    i._mutex_release    rtx_conf_cm.o
    0x0800187c   0x0800187c   0x00000164   Code   RO          278    i.codec_ctrl_init   codec.o
    0x080019e0   0x080019e0   0x0000015c   Code   RO          279    i.codec_init        codec.o
    0x08001b3c   0x08001b3c   0x00000030   Code   RO         3269    i.dbg_init          RTX_CM4.lib(hal_cm.o)
    0x08001b6c   0x08001b6c   0x00000020   Code   RO         3270    i.dbg_task_notify   RTX_CM4.lib(hal_cm.o)
    0x08001b8c   0x08001b8c   0x00000010   Code   RO         3271    i.dbg_task_switch   RTX_CM4.lib(hal_cm.o)
    0x08001b9c   0x08001b9c   0x00000064   Code   RO           31    i.initFilter        main.o
    0x08001c00   0x08001c00   0x0000002a   Code   RO         2122    i.isrMessageGet     RTX_CM4.lib(rt_cmsis.o)
    0x08001c2a   0x08001c2a   0x0000002c   Code   RO         2123    i.isrMessagePut     RTX_CM4.lib(rt_cmsis.o)
    0x08001c56   0x08001c56   0x00000002   PAD
    0x08001c58   0x08001c58   0x00000056   Code   RO         3071    i.isr_mbx_receive   RTX_CM4.lib(rt_mailbox.o)
    0x08001cae   0x08001cae   0x0000000e   Code   RO         3072    i.isr_mbx_send      RTX_CM4.lib(rt_mailbox.o)
    0x08001cbc   0x08001cbc   0x000001bc   Code   RO           32    i.main              main.o
    0x08001e78   0x08001e78   0x00000024   Code   RO         2127    i.osKernelInitialize  RTX_CM4.lib(rt_cmsis.o)
    0x08001e9c   0x08001e9c   0x0000006c   Code   RO         2129    i.osKernelStart     RTX_CM4.lib(rt_cmsis.o)
    0x08001f08   0x08001f08   0x00000018   Code   RO         2138    i.osMessageGet      RTX_CM4.lib(rt_cmsis.o)
    0x08001f20   0x08001f20   0x0000002c   Code   RO         2155    i.osThreadCreate    RTX_CM4.lib(rt_cmsis.o)
    0x08001f4c   0x08001f4c   0x00000018   Code   RO         2156    i.osThreadExit      RTX_CM4.lib(rt_cmsis.o)
    0x08001f64   0x08001f64   0x0000000c   Code   RO         2162    i.osTimerCall       RTX_CM4.lib(rt_cmsis.o)
    0x08001f70   0x08001f70   0x0000002c   Code   RO         2167    i.osTimerThread     RTX_CM4.lib(rt_cmsis.o)
    0x08001f9c   0x08001f9c   0x00000022   Code   RO          325    i.os_error          rtx_conf_cm.o
    0x08001fbe   0x08001fbe   0x00000004   Code   RO          326    i.os_idle_demon     rtx_conf_cm.o
    0x08001fc2   0x08001fc2   0x00000002   PAD
    0x08001fc4   0x08001fc4   0x00000028   Code   RO         2863    i.os_tick_init      RTX_CM4.lib(rt_system.o)
    0x08001fec   0x08001fec   0x00000002   Code   RO         2864    i.os_tick_irqack    RTX_CM4.lib(rt_system.o)
    0x08001fee   0x08001fee   0x00000002   PAD
    0x08001ff0   0x08001ff0   0x000000e0   Code   RO          280    i.read_codec_register  codec.o
    0x080020d0   0x080020d0   0x0000001a   Code   RO         3217    i.rt_alloc_box      RTX_CM4.lib(rt_membox.o)
    0x080020ea   0x080020ea   0x0000003e   Code   RO         3245    i.rt_alloc_mem      RTX_CM4.lib(rt_memory.o)
    0x08002128   0x08002128   0x00000038   Code   RO         2744    i.rt_block          RTX_CM4.lib(rt_task.o)
    0x08002160   0x08002160   0x00000048   Code   RO         3194    i.rt_chk_robin      RTX_CM4.lib(rt_robin.o)
    0x080021a8   0x080021a8   0x00000070   Code   RO         2995    i.rt_dec_dly        RTX_CM4.lib(rt_list.o)
    0x08002218   0x08002218   0x00000044   Code   RO         2745    i.rt_dispatch       RTX_CM4.lib(rt_task.o)
    0x0800225c   0x0800225c   0x00000050   Code   RO         2956    i.rt_evt_psh        RTX_CM4.lib(rt_event.o)
    0x080022ac   0x080022ac   0x0000002c   Code   RO         3218    i.rt_free_box       RTX_CM4.lib(rt_membox.o)
    0x080022d8   0x080022d8   0x00000028   Code   RO         3246    i.rt_free_mem       RTX_CM4.lib(rt_memory.o)
    0x08002300   0x08002300   0x00000028   Code   RO         2996    i.rt_get_first      RTX_CM4.lib(rt_list.o)
    0x08002328   0x08002328   0x00000008   Code   RO         2172    i.rt_id2obj         RTX_CM4.lib(rt_cmsis.o)
    0x08002330   0x08002330   0x00000048   Code   RO         2746    i.rt_init_context   RTX_CM4.lib(rt_task.o)
    0x08002378   0x08002378   0x0000001a   Code   RO         3247    i.rt_init_mem       RTX_CM4.lib(rt_memory.o)
    0x08002392   0x08002392   0x00000002   PAD
    0x08002394   0x08002394   0x00000018   Code   RO         3195    i.rt_init_robin     RTX_CM4.lib(rt_robin.o)
    0x080023ac   0x080023ac   0x00000080   Code   RO         3272    i.rt_init_stack     RTX_CM4.lib(hal_cm.o)
    0x0800242c   0x0800242c   0x00000008   Code   RO         3073    i.rt_mbx_check      RTX_CM4.lib(rt_mailbox.o)
    0x08002434   0x08002434   0x0000001a   Code   RO         3074    i.rt_mbx_init       RTX_CM4.lib(rt_mailbox.o)
    0x0800244e   0x0800244e   0x00000002   PAD
    0x08002450   0x08002450   0x000000f0   Code   RO         3075    i.rt_mbx_psh        RTX_CM4.lib(rt_mailbox.o)
    0x08002540   0x08002540   0x000000b4   Code   RO         3077    i.rt_mbx_wait       RTX_CM4.lib(rt_mailbox.o)
    0x080025f4   0x080025f4   0x00000044   Code   RO         2173    i.rt_ms2tick        RTX_CM4.lib(rt_cmsis.o)
    0x08002638   0x08002638   0x000000d8   Code   RO         2830    i.rt_mut_release    RTX_CM4.lib(rt_mutex.o)
    0x08002710   0x08002710   0x00000078   Code   RO         2831    i.rt_mut_wait       RTX_CM4.lib(rt_mutex.o)
    0x08002788   0x08002788   0x0000007c   Code   RO         2867    i.rt_pop_req        RTX_CM4.lib(rt_system.o)
    0x08002804   0x08002804   0x00000020   Code   RO         2868    i.rt_psh_req        RTX_CM4.lib(rt_system.o)
    0x08002824   0x08002824   0x0000005c   Code   RO         2998    i.rt_psq_enq        RTX_CM4.lib(rt_list.o)
    0x08002880   0x08002880   0x00000048   Code   RO         2999    i.rt_put_dly        RTX_CM4.lib(rt_list.o)
    0x080028c8   0x080028c8   0x00000036   Code   RO         3000    i.rt_put_prio       RTX_CM4.lib(rt_list.o)
    0x080028fe   0x080028fe   0x00000002   PAD
    0x08002900   0x08002900   0x00000014   Code   RO         3001    i.rt_put_rdy_first  RTX_CM4.lib(rt_list.o)
    0x08002914   0x08002914   0x00000034   Code   RO         3002    i.rt_resort_prio    RTX_CM4.lib(rt_list.o)
    0x08002948   0x08002948   0x00000010   Code   RO         3273    i.rt_ret_regs       RTX_CM4.lib(hal_cm.o)
    0x08002958   0x08002958   0x0000000c   Code   RO         3274    i.rt_ret_val        RTX_CM4.lib(hal_cm.o)
    0x08002964   0x08002964   0x00000010   Code   RO         3275    i.rt_ret_val2       RTX_CM4.lib(hal_cm.o)
    0x08002974   0x08002974   0x00000028   Code   RO         3003    i.rt_rmv_dly        RTX_CM4.lib(rt_list.o)
    0x0800299c   0x0800299c   0x00000030   Code   RO         3004    i.rt_rmv_list       RTX_CM4.lib(rt_list.o)
    0x080029cc   0x080029cc   0x00000034   Code   RO         3122    i.rt_sem_psh        RTX_CM4.lib(rt_semaphore.o)
    0x08002a00   0x08002a00   0x00000024   Code   RO         2870    i.rt_stk_check      RTX_CM4.lib(rt_system.o)
    0x08002a24   0x08002a24   0x00000028   Code   RO         2747    i.rt_switch_req     RTX_CM4.lib(rt_task.o)
    0x08002a4c   0x08002a4c   0x000000cc   Code   RO         2748    i.rt_sys_init       RTX_CM4.lib(rt_task.o)
    0x08002b18   0x08002b18   0x00000078   Code   RO         2749    i.rt_sys_start      RTX_CM4.lib(rt_task.o)
    0x08002b90   0x08002b90   0x00000040   Code   RO         2872    i.rt_systick        RTX_CM4.lib(rt_system.o)
    0x08002bd0   0x08002bd0   0x00000012   Code   RO         2174    i.rt_tid2ptcb       RTX_CM4.lib(rt_cmsis.o)
    0x08002be2   0x08002be2   0x00000002   PAD
    0x08002be4   0x08002be4   0x00000034   Code   RO         2175    i.rt_timer_insert   RTX_CM4.lib(rt_cmsis.o)
    0x08002c18   0x08002c18   0x00000088   Code   RO         2750    i.rt_tsk_create     RTX_CM4.lib(rt_task.o)
    0x08002ca0   0x08002ca0   0x0000017c   Code   RO         2751    i.rt_tsk_delete     RTX_CM4.lib(rt_task.o)
    0x08002e1c   0x08002e1c   0x0000007c   Code   RO         2753    i.rt_tsk_prio       RTX_CM4.lib(rt_task.o)
    0x08002e98   0x08002e98   0x00000010   Code   RO         2754    i.rt_tsk_self       RTX_CM4.lib(rt_task.o)
    0x08002ea8   0x08002ea8   0x00000090   Code   RO          281    i.send_codec_ctrl   codec.o
    0x08002f38   0x08002f38   0x00000070   Code   RO         2178    i.svcKernelInitialize  RTX_CM4.lib(rt_cmsis.o)
    0x08002fa8   0x08002fa8   0x00000048   Code   RO         2180    i.svcKernelStart    RTX_CM4.lib(rt_cmsis.o)
    0x08002ff0   0x08002ff0   0x00000024   Code   RO         2183    i.svcMessageCreate  RTX_CM4.lib(rt_cmsis.o)
    0x08003014   0x08003014   0x0000003a   Code   RO         2184    i.svcMessageGet     RTX_CM4.lib(rt_cmsis.o)
    0x0800304e   0x0800304e   0x00000002   PAD
    0x08003050   0x08003050   0x0000006c   Code   RO         2198    i.svcThreadCreate   RTX_CM4.lib(rt_cmsis.o)
    0x080030bc   0x080030bc   0x0000001c   Code   RO         2199    i.svcThreadGetId    RTX_CM4.lib(rt_cmsis.o)
    0x080030d8   0x080030d8   0x00000038   Code   RO         2202    i.svcThreadTerminate  RTX_CM4.lib(rt_cmsis.o)
    0x08003110   0x08003110   0x00000018   Code   RO         2204    i.svcTimerCall      RTX_CM4.lib(rt_cmsis.o)
    0x08003128   0x08003128   0x0000005c   Code   RO         2213    i.sysTimerTick      RTX_CM4.lib(rt_cmsis.o)
    0x08003184   0x08003184   0x0000005c   Code   RO           33    i.updateFilter      main.o
    0x080031e0   0x080031e0   0x00000062   Code   RO         3348    x$fpl$d2f           fz_wm.l(d2f.o)
    0x08003242   0x08003242   0x00000002   PAD
    0x08003244   0x08003244   0x00000150   Code   RO         3350    x$fpl$dadd          fz_wm.l(daddsub_clz.o)
    0x08003394   0x08003394   0x00000018   Code   RO         3408    x$fpl$dcmpinf       fz_wm.l(dcmpi.o)
    0x080033ac   0x080033ac   0x0000005e   Code   RO         3356    x$fpl$dfix          fz_wm.l(dfix.o)
    0x0800340a   0x0800340a   0x00000002   PAD
    0x0800340c   0x0800340c   0x00000078   Code   RO         3373    x$fpl$dleqf         fz_wm.l(dleqf.o)
    0x08003484   0x08003484   0x00000154   Code   RO         3360    x$fpl$dmul          fz_wm.l(dmul.o)
    0x080035d8   0x080035d8   0x0000009c   Code   RO         3375    x$fpl$dnaninf       fz_wm.l(dnaninf.o)
    0x08003674   0x08003674   0x0000000c   Code   RO         3377    x$fpl$dretinf       fz_wm.l(dretinf.o)
    0x08003680   0x08003680   0x0000006c   Code   RO         3362    x$fpl$drleqf        fz_wm.l(drleqf.o)
    0x080036ec   0x080036ec   0x000001d4   Code   RO         3352    x$fpl$dsub          fz_wm.l(daddsub_clz.o)
    0x080038c0   0x080038c0   0x00000056   Code   RO         3364    x$fpl$f2d           fz_wm.l(f2d.o)
    0x08003916   0x08003916   0x0000008c   Code   RO         3379    x$fpl$fnaninf       fz_wm.l(fnaninf.o)
    0x080039a2   0x080039a2   0x0000000a   Code   RO         3502    x$fpl$fpinit        fz_wm.l(fpinit.o)
    0x080039ac   0x080039ac   0x0000000a   Code   RO         3381    x$fpl$fretinf       fz_wm.l(fretinf.o)
    0x080039b6   0x080039b6   0x00000000   Code   RO         3383    x$fpl$usenofp       fz_wm.l(usenofp.o)
    0x080039b6   0x080039b6   0x00000002   PAD
    0x080039b8   0x080039b8   0x00000068   Data   RO          328    .constdata          rtx_conf_cm.o
    0x08003a20   0x08003a20   0x00000020   Data   RO         3536    Region$$Table       anon$$obj.o


    Execution Region ER_RW (Exec base: 0x20000000, Load base: 0x08003a40, Size: 0x000000b8, Max: 0xffffffff, ABSOLUTE)

    Exec Addr    Load Addr    Size         Type   Attr      Idx    E Section Name        Object

    0x20000000   0x08003a40   0x00000069   Data   RW           36    .data               main.o
    0x20000069   0x08003aa9   0x00000003   PAD
    0x2000006c   0x08003aac   0x00000014   Data   RW          329    .data               rtx_conf_cm.o
    0x20000080   0x08003ac0   0x00000010   Data   RW         1000    .data               stm32f4xx_rcc.o
    0x20000090   0x08003ad0   0x00000008   Data   RW         2216    .data               RTX_CM4.lib(rt_cmsis.o)
    0x20000098   0x08003ad8   0x00000008   Data   RW         2756    .data               RTX_CM4.lib(rt_task.o)
    0x200000a0   0x08003ae0   0x00000008   Data   RW         2875    .data               RTX_CM4.lib(rt_system.o)
    0x200000a8   0x08003ae8   0x00000004   Data   RW         3165    .data               RTX_CM4.lib(rt_time.o)
    0x200000ac   0x08003aec   0x00000008   Data   RW         3196    .data               RTX_CM4.lib(rt_robin.o)
    0x200000b4   0x08003af4   0x00000001   Data   RW         3276    .data               RTX_CM4.lib(hal_cm.o)


    Execution Region ER_ZI (Exec base: 0x200000b8, Load base: 0x08003af8, Size: 0x00001300, Max: 0xffffffff, ABSOLUTE)

    Exec Addr    Load Addr    Size         Type   Attr      Idx    E Section Name        Object

    0x200000b8        -       0x00000050   Zero   RW           34    .bss                main.o
    0x20000108        -       0x00000020   Zero   RW          282    .bss                codec.o
    0x20000128        -       0x00000bc8   Zero   RW          327    .bss                rtx_conf_cm.o
    0x20000cf0        -       0x00000034   Zero   RW         2755    .bss                RTX_CM4.lib(rt_task.o)
    0x20000d24        -       0x00000030   Zero   RW         3005    .bss                RTX_CM4.lib(rt_list.o)
    0x20000d54        -       0x00000060   Zero   RW         3338    .bss                c_w.l(libspace.o)
    0x20000db4   0x08003af8   0x00000004   PAD
    0x20000db8        -       0x00000200   Zero   RW         2072    HEAP                startup_stm32f40_41xxx.o
    0x20000fb8        -       0x00000400   Zero   RW         2071    STACK               startup_stm32f40_41xxx.o


==============================================================================

Image component sizes


      Code (inc. data)   RO Data    RW Data    ZI Data      Debug   Object Name

      1072         80          0          0         32       3455   codec.o
      2854        502          0        105         80     331984   main.o
       120         14          0          0          0       1388   misc.o
       126         26        104         20       3016       9583   rtx_conf_cm.o
        64         26        392          0       1536        892   startup_stm32f40_41xxx.o
       184         16          0          0          0       2672   stm32f4xx_exti.o
       266          0          0          0          0       5579   stm32f4xx_gpio.o
       552         28          0          0          0       8617   stm32f4xx_i2c.o
       404         54          0         16          0       7297   stm32f4xx_rcc.o
       582         34          0          0          0       4637   stm32f4xx_spi.o
        64          4          0          0          0        748   stm32f4xx_syscfg.o
       214         28          0          0          0       4442   stm32f4xx_tim.o
       340         32          0          0          0       1849   system_stm32f4xx.o

    ----------------------------------------------------------------------
      6852        844        528        144       4664     383143   Object Totals
         0          0         32          0          0          0   (incl. Generated)
        10          0          0          3          0          0   (incl. Padding)

    ----------------------------------------------------------------------

      Code (inc. data)   RO Data    RW Data    ZI Data      Debug   Library Member Name

       268         24          0          1          0       4472   hal_cm.o
       408         34          0          0          0        816   hal_cm4.o
      1110        138          0          8          0      34689   rt_cmsis.o
        80          4          0          0          0        701   rt_event.o
       530         34          0          0         48       8601   rt_list.o
       554         10          0          0          0       4189   rt_mailbox.o
       140          0          0          0          0       2045   rt_membox.o
       128          0          0          0          0       2419   rt_memory.o
       336         14          0          0          0       1727   rt_mutex.o
        96         22          0          8          0       1230   rt_robin.o
        52          4          0          0          0        613   rt_semaphore.o
       298         52          0          8          0       6439   rt_system.o
      1216        174          0          8         52      10045   rt_task.o
         0          0          0          4          0        210   rt_time.o
         4          4          0          0          0        200   svc_table.o
         8          0          0          0          0         68   __main.o
         0          0          0          0          0          0   __rtentry.o
        20          0          0          0          0          0   __rtentry2.o
         6          0          0          0          0          0   __rtentry4.o
        52          8          0          0          0          0   __scatter.o
        26          0          0          0          0          0   __scatter_copy.o
        28          0          0          0          0          0   __scatter_zi.o
        18          0          0          0          0         80   exit.o
         6          0          0          0          0        152   heapauxi.o
         0          0          0          0          0          0   indicate_semi.o
         2          0          0          0          0          0   libinit.o
         6          0          0          0          0          0   libinit2.o
         2          0          0          0          0          0   libshutdown.o
         2          0          0          0          0          0   libshutdown2.o
         8          4          0          0         96         68   libspace.o
         2          0          0          0          0          0   rtexit.o
        10          0          0          0          0          0   rtexit2.o
        12          4          0          0          0         68   sys_exit.o
        74          0          0          0          0         80   sys_stackheap_outer.o
         2          0          0          0          0         68   use_no_semi.o
        98          4          0          0          0        140   d2f.o
       804         16          0          0          0        368   daddsub_clz.o
        24          0          0          0          0        116   dcmpi.o
        94          4          0          0          0        140   dfix.o
       120          4          0          0          0        140   dleqf.o
       340         12          0          0          0        152   dmul.o
       156          4          0          0          0        140   dnaninf.o
        12          0          0          0          0        116   dretinf.o
       108          0          0          0          0        128   drleqf.o
        86          4          0          0          0        132   f2d.o
       140          4          0          0          0        132   fnaninf.o
        10          0          0          0          0        116   fpinit.o
        10          0          0          0          0        116   fretinf.o
         0          0          0          0          0          0   usenofp.o

    ----------------------------------------------------------------------
      7532        582          0         40        200      80916   Library Totals
        26          0          0          3          4          0   (incl. Padding)

    ----------------------------------------------------------------------

      Code (inc. data)   RO Data    RW Data    ZI Data      Debug   Library Name

      5220        514          0         37        100      78396   RTX_CM4.lib
       284         16          0          0         96        584   c_w.l
      2002         52          0          0          0       1936   fz_wm.l

    ----------------------------------------------------------------------
      7532        582          0         40        200      80916   Library Totals

    ----------------------------------------------------------------------

==============================================================================


      Code (inc. data)   RO Data    RW Data    ZI Data      Debug   

     14384       1426        528        184       4864     448703   Grand Totals
     14384       1426        528        184       4864     448703   ELF Image Totals
     14384       1426        528        184          0          0   ROM Totals

==============================================================================

    Total RO  Size (Code + RO Data)                14912 (  14.56kB)
    Total RW  Size (RW Data + ZI Data)              5048 (   4.93kB)
    Total ROM Size (Code + RO Data + RW Data)      15096 (  14.74kB)

==============================================================================

